Archive member included because of file (symbol)

c:/program files (x86)/gnu tools arm embedded/4.9 2015q3/bin/../lib/gcc/arm-none-eabi/4.9.3/armv7e-m/fpu\libgcc.a(_arm_addsubdf3.o)
                              ./src/BMP180.o (__aeabi_dsub)
c:/program files (x86)/gnu tools arm embedded/4.9 2015q3/bin/../lib/gcc/arm-none-eabi/4.9.3/armv7e-m/fpu\libgcc.a(_arm_muldivdf3.o)
                              ./src/BMP180.o (__aeabi_dmul)
c:/program files (x86)/gnu tools arm embedded/4.9 2015q3/bin/../lib/gcc/arm-none-eabi/4.9.3/armv7e-m/fpu\libgcc.a(_arm_fixdfsi.o)
                              ./src/BMP180.o (__aeabi_d2iz)
c:/program files (x86)/gnu tools arm embedded/4.9 2015q3/bin/../lib/gcc/arm-none-eabi/4.9.3/armv7e-m/fpu\libgcc.a(_aeabi_ldivmod.o)
                              ./src/BMP180.o (__aeabi_ldivmod)
c:/program files (x86)/gnu tools arm embedded/4.9 2015q3/bin/../lib/gcc/arm-none-eabi/4.9.3/armv7e-m/fpu\libgcc.a(_aeabi_uldivmod.o)
                              ./synergy/ssp/src/driver/r_gpt/r_gpt.o (__aeabi_uldivmod)
c:/program files (x86)/gnu tools arm embedded/4.9 2015q3/bin/../lib/gcc/arm-none-eabi/4.9.3/armv7e-m/fpu\libgcc.a(_fixdfdi.o)
                              ./src/BMP180.o (__aeabi_d2lz)
c:/program files (x86)/gnu tools arm embedded/4.9 2015q3/bin/../lib/gcc/arm-none-eabi/4.9.3/armv7e-m/fpu\libgcc.a(_fixunsdfdi.o)
                              c:/program files (x86)/gnu tools arm embedded/4.9 2015q3/bin/../lib/gcc/arm-none-eabi/4.9.3/armv7e-m/fpu\libgcc.a(_fixdfdi.o) (__aeabi_d2ulz)
c:/program files (x86)/gnu tools arm embedded/4.9 2015q3/bin/../lib/gcc/arm-none-eabi/4.9.3/armv7e-m/fpu\libgcc.a(bpabi.o)
                              c:/program files (x86)/gnu tools arm embedded/4.9 2015q3/bin/../lib/gcc/arm-none-eabi/4.9.3/armv7e-m/fpu\libgcc.a(_aeabi_ldivmod.o) (__gnu_ldivmod_helper)
c:/program files (x86)/gnu tools arm embedded/4.9 2015q3/bin/../lib/gcc/arm-none-eabi/4.9.3/armv7e-m/fpu\libgcc.a(_dvmd_tls.o)
                              c:/program files (x86)/gnu tools arm embedded/4.9 2015q3/bin/../lib/gcc/arm-none-eabi/4.9.3/armv7e-m/fpu\libgcc.a(_aeabi_ldivmod.o) (__aeabi_ldiv0)
c:/program files (x86)/gnu tools arm embedded/4.9 2015q3/bin/../lib/gcc/arm-none-eabi/4.9.3/armv7e-m/fpu\libgcc.a(_arm_cmpdf2.o)
                              c:/program files (x86)/gnu tools arm embedded/4.9 2015q3/bin/../lib/gcc/arm-none-eabi/4.9.3/armv7e-m/fpu\libgcc.a(_fixdfdi.o) (__aeabi_dcmplt)
c:/program files (x86)/gnu tools arm embedded/4.9 2015q3/bin/../lib/gcc/arm-none-eabi/4.9.3/armv7e-m/fpu\libgcc.a(_arm_fixunsdfsi.o)
                              c:/program files (x86)/gnu tools arm embedded/4.9 2015q3/bin/../lib/gcc/arm-none-eabi/4.9.3/armv7e-m/fpu\libgcc.a(_fixunsdfdi.o) (__aeabi_d2uiz)
c:/program files (x86)/gnu tools arm embedded/4.9 2015q3/bin/../lib/gcc/arm-none-eabi/4.9.3/armv7e-m/fpu\libgcc.a(_divdi3.o)
                              c:/program files (x86)/gnu tools arm embedded/4.9 2015q3/bin/../lib/gcc/arm-none-eabi/4.9.3/armv7e-m/fpu\libgcc.a(bpabi.o) (__divdi3)
c:/program files (x86)/gnu tools arm embedded/4.9 2015q3/bin/../lib/gcc/arm-none-eabi/4.9.3/armv7e-m/fpu\libgcc.a(_udivdi3.o)
                              c:/program files (x86)/gnu tools arm embedded/4.9 2015q3/bin/../lib/gcc/arm-none-eabi/4.9.3/armv7e-m/fpu\libgcc.a(bpabi.o) (__udivdi3)
c:/program files (x86)/gnu tools arm embedded/4.9 2015q3/bin/../lib/gcc/arm-none-eabi/4.9.3/../../../../arm-none-eabi/lib/armv7e-m/fpu\libg_nano.a(lib_a-errno.o)
                              ./synergy/ssp/src/bsp/mcu/all/bsp_sbrk.o (__errno)
c:/program files (x86)/gnu tools arm embedded/4.9 2015q3/bin/../lib/gcc/arm-none-eabi/4.9.3/../../../../arm-none-eabi/lib/armv7e-m/fpu\libg_nano.a(lib_a-exit.o)
                              c:/program files (x86)/gnu tools arm embedded/4.9 2015q3/bin/../lib/gcc/arm-none-eabi/4.9.3/../../../../arm-none-eabi/lib/armv7e-m/fpu/rdimon-crt0.o (exit)
c:/program files (x86)/gnu tools arm embedded/4.9 2015q3/bin/../lib/gcc/arm-none-eabi/4.9.3/../../../../arm-none-eabi/lib/armv7e-m/fpu\libg_nano.a(lib_a-impure.o)
                              c:/program files (x86)/gnu tools arm embedded/4.9 2015q3/bin/../lib/gcc/arm-none-eabi/4.9.3/../../../../arm-none-eabi/lib/armv7e-m/fpu\libg_nano.a(lib_a-exit.o) (_global_impure_ptr)
c:/program files (x86)/gnu tools arm embedded/4.9 2015q3/bin/../lib/gcc/arm-none-eabi/4.9.3/../../../../arm-none-eabi/lib/armv7e-m/fpu\libg_nano.a(lib_a-init.o)
                              c:/program files (x86)/gnu tools arm embedded/4.9 2015q3/bin/../lib/gcc/arm-none-eabi/4.9.3/../../../../arm-none-eabi/lib/armv7e-m/fpu/rdimon-crt0.o (__libc_init_array)
c:/program files (x86)/gnu tools arm embedded/4.9 2015q3/bin/../lib/gcc/arm-none-eabi/4.9.3/../../../../arm-none-eabi/lib/armv7e-m/fpu\libg_nano.a(lib_a-memset.o)
[...]
Memory Configuration

Name             Origin             Length             Attributes
FLASH            0x00000000         0x00400000         xr
RAM              0x1ffe0000         0x000a0000         xrw
DATA_FLASH       0x40100000         0x00010000         xr
QSPI_FLASH       0x60000000         0x04000000         xr
SDRAM            0x90000000         0x02000000         xrw
*default*        0x00000000         0xffffffff

Linker script and memory map

LOAD c:/program files (x86)/gnu tools arm embedded/4.9 2015q3/bin/../lib/gcc/arm-none-eabi/4.9.3/armv7e-m/fpu/crti.o
LOAD c:/program files (x86)/gnu tools arm embedded/4.9 2015q3/bin/../lib/gcc/arm-none-eabi/4.9.3/armv7e-m/fpu/crtbegin.o
LOAD c:/program files (x86)/gnu tools arm embedded/4.9 2015q3/bin/../lib/gcc/arm-none-eabi/4.9.3/../../../../arm-none-eabi/lib/armv7e-m/fpu/rdimon-crt0.o
START GROUP
LOAD ./synergy/ssp/src/driver/r_sci_uart/r_sci_uart.o
LOAD ./synergy/ssp/src/driver/r_sci_i2c/r_sci_i2c.o
LOAD ./synergy/ssp/src/driver/r_sci_common/r_sci_common.o
LOAD ./synergy/ssp/src/driver/r_ioport/hw/hw_ioport.o
LOAD ./synergy/ssp/src/driver/r_ioport/r_ioport.o
LOAD ./synergy/ssp/src/driver/r_gpt/r_gpt.o
LOAD ./synergy/ssp/src/driver/r_elc/r_elc.o
LOAD ./synergy/ssp/src/driver/r_cgc/hw/target/hw_cgc_target.o
LOAD ./synergy/ssp/src/driver/r_cgc/hw/common/hw_cgc_common.o
LOAD ./synergy/ssp/src/driver/r_cgc/hw/hw_cgc.o
LOAD ./synergy/ssp/src/driver/r_cgc/r_cgc.o
LOAD ./synergy/ssp/src/bsp/mcu/s7g2/bsp_clocks.o
LOAD ./synergy/ssp/src/bsp/mcu/s7g2/bsp_group_irq.o
LOAD ./synergy/ssp/src/bsp/mcu/s7g2/bsp_irq.o
LOAD ./synergy/ssp/src/bsp/mcu/s7g2/bsp_locking.o
LOAD ./synergy/ssp/src/bsp/mcu/s7g2/bsp_register_protection.o
LOAD ./synergy/ssp/src/bsp/mcu/s7g2/bsp_rom_registers.o
LOAD ./synergy/ssp/src/bsp/mcu/s7g2/bsp_vbatt.o
LOAD ./synergy/ssp/src/bsp/mcu/all/bsp_common.o
LOAD ./synergy/ssp/src/bsp/mcu/all/bsp_common_leds.o
LOAD ./synergy/ssp/src/bsp/mcu/all/bsp_delay.o
LOAD ./synergy/ssp/src/bsp/mcu/all/bsp_sbrk.o
LOAD ./synergy/ssp/src/bsp/cmsis/Device/RENESAS/S7G2/Source/startup_S7G2.o
LOAD ./synergy/ssp/src/bsp/cmsis/Device/RENESAS/S7G2/Source/system_S7G2.o
LOAD ./synergy/ssp/src/bsp/cmsis/Device/RENESAS/S3A7/Source/startup_S3A7.o
LOAD ./synergy/ssp/src/bsp/cmsis/Device/RENESAS/S3A7/Source/system_S3A7.o
LOAD ./synergy/ssp/src/bsp/cmsis/Device/RENESAS/S124/Source/startup_S124.o
LOAD ./synergy/ssp/src/bsp/cmsis/Device/RENESAS/S124/Source/system_S124.o
LOAD ./synergy/ssp/src/bsp/board/s7g2_sk/bsp_init.o
LOAD ./synergy/ssp/src/bsp/board/s7g2_sk/bsp_leds.o
LOAD ./synergy/ssp/src/bsp/board/s7g2_sk/bsp_qspi.o
LOAD ./src/synergy_gen/common_data.o
LOAD ./src/synergy_gen/hal_data.o
LOAD ./src/synergy_gen/main.o
LOAD ./src/synergy_gen/pin_data.o
LOAD ./src/BMP180.o
LOAD ./src/I2C1.o
LOAD ./src/Timer.o
LOAD ./src/UART1.o
LOAD ./src/hal_entry.o
LOAD C:\Renesas\workspace\SK_S7G2_I2C\synergy\ssp\src\bsp\cmsis\DSP_Lib\cm4_gcc\libDSP_Lib.a
END GROUP
START GROUP
LOAD c:/program files (x86)/gnu tools arm embedded/4.9 2015q3/bin/../lib/gcc/arm-none-eabi/4.9.3/armv7e-m/fpu\libgcc.a
LOAD c:/program files (x86)/gnu tools arm embedded/4.9 2015q3/bin/../lib/gcc/arm-none-eabi/4.9.3/../../../../arm-none-eabi/lib/armv7e-m/fpu\libg_nano.a
LOAD c:/program files (x86)/gnu tools arm embedded/4.9 2015q3/bin/../lib/gcc/arm-none-eabi/4.9.3/../../../../arm-none-eabi/lib/armv7e-m/fpu\libc_nano.a
END GROUP
START GROUP
LOAD c:/program files (x86)/gnu tools arm embedded/4.9 2015q3/bin/../lib/gcc/arm-none-eabi/4.9.3/armv7e-m/fpu\libgcc.a
LOAD c:/program files (x86)/gnu tools arm embedded/4.9 2015q3/bin/../lib/gcc/arm-none-eabi/4.9.3/../../../../arm-none-eabi/lib/armv7e-m/fpu\libc_nano.a
LOAD c:/program files (x86)/gnu tools arm embedded/4.9 2015q3/bin/../lib/gcc/arm-none-eabi/4.9.3/../../../../arm-none-eabi/lib/armv7e-m/fpu\librdimon_nano.a
END GROUP
START GROUP
LOAD c:/program files (x86)/gnu tools arm embedded/4.9 2015q3/bin/../lib/gcc/arm-none-eabi/4.9.3/armv7e-m/fpu\libgcc.a
LOAD c:/program files (x86)/gnu tools arm embedded/4.9 2015q3/bin/../lib/gcc/arm-none-eabi/4.9.3/../../../../arm-none-eabi/lib/armv7e-m/fpu\libc_nano.a
LOAD c:/program files (x86)/gnu tools arm embedded/4.9 2015q3/bin/../lib/gcc/arm-none-eabi/4.9.3/../../../../arm-none-eabi/lib/armv7e-m/fpu\librdimon_nano.a
END GROUP
LOAD c:/program files (x86)/gnu tools arm embedded/4.9 2015q3/bin/../lib/gcc/arm-none-eabi/4.9.3/armv7e-m/fpu/crtend.o
LOAD c:/program files (x86)/gnu tools arm embedded/4.9 2015q3/bin/../lib/gcc/arm-none-eabi/4.9.3/armv7e-m/fpu/crtn.o
START GROUP
LOAD c:/program files (x86)/gnu tools arm embedded/4.9 2015q3/bin/../lib/gcc/arm-none-eabi/4.9.3/armv7e-m/fpu\libgcc.a
LOAD c:/program files (x86)/gnu tools arm embedded/4.9 2015q3/bin/../lib/gcc/arm-none-eabi/4.9.3/../../../../arm-none-eabi/lib/armv7e-m/fpu\libc.a
LOAD c:/program files (x86)/gnu tools arm embedded/4.9 2015q3/bin/../lib/gcc/arm-none-eabi/4.9.3/../../../../arm-none-eabi/lib/armv7e-m/fpu\libm.a
LOAD c:/program files (x86)/gnu tools arm embedded/4.9 2015q3/bin/../lib/gcc/arm-none-eabi/4.9.3/../../../../arm-none-eabi/lib/armv7e-m/fpu\libnosys.a
END GROUP

.text           0x00000000     0x8204
                0x00000000                __ROM_Start = .
 *(.vectors)
 .vectors       0x00000000      0x1c0 ./synergy/ssp/src/bsp/cmsis/Device/RENESAS/S7G2/Source/startup_S7G2.o
                0x00000000                __Vectors
                0x000001c0                __Vectors_End = .
                0x000001c0                __Vectors_Size = (__Vectors_End - __Vectors)
                0x000001c0                __end__ = .
                0x00000400                . = (__ROM_Start + 0x400)
 *fill*         0x000001c0      0x240 ff
 *(.rom_registers*)
 .rom_registers
                0x00000400       0x3c ./synergy/ssp/src/bsp/mcu/s7g2/bsp_rom_registers.o
                0x00000500                . = (__ROM_Start + 0x500)
 *fill*         0x0000043c       0xc4 ff
 *(.text*)
 .text          0x00000500       0x5c c:/program files (x86)/gnu tools arm embedded/4.9 2015q3/bin/../lib/gcc/arm-none-eabi/4.9.3/armv7e-m/fpu/crtbegin.o
 .text.NVIC_EnableIRQ
                0x0000055c       0x18 ./synergy/ssp/src/driver/r_sci_uart/r_sci_uart.o
 .text.NVIC_DisableIRQ
                0x00000574       0x18 ./synergy/ssp/src/driver/r_sci_uart/r_sci_uart.o
 .text.R_SCI_UartInfoGet
                0x0000058c       0x60 ./synergy/ssp/src/driver/r_sci_uart/r_sci_uart.o
                0x0000058c                R_SCI_UartInfoGet
 .text.R_SCI_UartVersionGet
                0x000005ec       0x10 ./synergy/ssp/src/driver/r_sci_uart/r_sci_uart.o
                0x000005ec                R_SCI_UartVersionGet
 .text.R_SCI_UartClose
                0x000005fc       0x50 ./synergy/ssp/src/driver/r_sci_uart/r_sci_uart.o
                0x000005fc                R_SCI_UartClose
 .text.r_sci_read_write_param_check
                0x0000064c       0x58 ./synergy/ssp/src/driver/r_sci_uart/r_sci_uart.o
 .text.R_SCI_UartRead
                0x000006a4       0x7c ./synergy/ssp/src/driver/r_sci_uart/r_sci_uart.o
                0x000006a4                R_SCI_UartRead
 .text.r_sci_uart_baud_set
                0x00000720      0x15c ./synergy/ssp/src/driver/r_sci_uart/r_sci_uart.o
 .text.R_SCI_UartWrite
                0x0000087c       0xec ./synergy/ssp/src/driver/r_sci_uart/r_sci_uart.o
                0x0000087c                R_SCI_UartWrite
 .text.R_SCI_UartBaudSet
                0x00000968      0x194 ./synergy/ssp/src/driver/r_sci_uart/r_sci_uart.o
                0x00000968                R_SCI_UartBaudSet
 .text.R_SCI_UartOpen
                0x00000afc      0x764 ./synergy/ssp/src/driver/r_sci_uart/r_sci_uart.o
                0x00000afc                R_SCI_UartOpen
 .text.r_sci_uart_txi_common
                0x00001260      0x19c ./synergy/ssp/src/driver/r_sci_uart/r_sci_uart.o
                0x00001260                r_sci_uart_txi_common
 .text.r_sci_uart_rxi_common
                0x000013fc       0xc0 ./synergy/ssp/src/driver/r_sci_uart/r_sci_uart.o
                0x000013fc                r_sci_uart_rxi_common
 .text.r_sci_uart_tei
                0x000014bc       0x78 ./synergy/ssp/src/driver/r_sci_uart/r_sci_uart.o
                0x000014bc                r_sci_uart_tei
 .text.r_sci_uart_eri_common
                0x00001534       0x6c ./synergy/ssp/src/driver/r_sci_uart/r_sci_uart.o
                0x00001534                r_sci_uart_eri_common
 .text.NVIC_EnableIRQ
                0x000015a0       0x18 ./synergy/ssp/src/driver/r_sci_i2c/r_sci_i2c.o
 .text.NVIC_DisableIRQ
                0x000015b8       0x18 ./synergy/ssp/src/driver/r_sci_i2c/r_sci_i2c.o
 .text.R_SCI_SIIC_MasterVersionGet
                0x000015d0       0x14 ./synergy/ssp/src/driver/r_sci_i2c/r_sci_i2c.o
                0x000015d0                R_SCI_SIIC_MasterVersionGet
 .text.sci_siic_run_hw_master
                0x000015e4      0x168 ./synergy/ssp/src/driver/r_sci_i2c/r_sci_i2c.o
 .text.R_SCI_SIIC_MasterRead
                0x0000174c       0x8c ./synergy/ssp/src/driver/r_sci_i2c/r_sci_i2c.o
                0x0000174c                R_SCI_SIIC_MasterRead
 .text.R_SCI_SIIC_MasterWrite
                0x000017d8       0x8c ./synergy/ssp/src/driver/r_sci_i2c/r_sci_i2c.o
                0x000017d8                R_SCI_SIIC_MasterWrite
 .text.sci_siic_abort_seq_master
                0x00001864      0x150 ./synergy/ssp/src/driver/r_sci_i2c/r_sci_i2c.o
 .text.R_SCI_SIIC_MasterReset
                0x000019b4       0x14 ./synergy/ssp/src/driver/r_sci_i2c/r_sci_i2c.o
                0x000019b4                R_SCI_SIIC_MasterReset
 .text.R_SCI_SIIC_MasterClose
                0x000019c8      0x124 ./synergy/ssp/src/driver/r_sci_i2c/r_sci_i2c.o
                0x000019c8                R_SCI_SIIC_MasterClose
 .text.R_SCI_SIIC_MasterOpen
                0x00001aec      0x410 ./synergy/ssp/src/driver/r_sci_i2c/r_sci_i2c.o
                0x00001aec                R_SCI_SIIC_MasterOpen
 .text.r_sci_siic_rxi_master
                0x00001efc       0x40 ./synergy/ssp/src/driver/r_sci_i2c/r_sci_i2c.o
                0x00001efc                r_sci_siic_rxi_master
 .text.r_sci_siic_txi_master
                0x00001f3c      0x488 ./synergy/ssp/src/driver/r_sci_i2c/r_sci_i2c.o
                0x00001f3c                r_sci_siic_txi_master
 .text.r_sci_siic_tei_master
                0x000023c4      0x1f4 ./synergy/ssp/src/driver/r_sci_i2c/r_sci_i2c.o
                0x000023c4                r_sci_siic_tei_master
 .text.r_sci_siic_err_master
                0x000025b8       0x10 ./synergy/ssp/src/driver/r_sci_i2c/r_sci_i2c.o
                0x000025b8                r_sci_siic_err_master
 .text.NVIC_DisableIRQ
                0x000025c8       0x18 ./synergy/ssp/src/driver/r_sci_common/r_sci_common.o
 .text.txi_handler
                0x000025e0       0x1c ./synergy/ssp/src/driver/r_sci_common/r_sci_common.o
 .text.eri_handler
                0x000025fc       0x38 ./synergy/ssp/src/driver/r_sci_common/r_sci_common.o
 .text.tei_handler
                0x00002634       0x1c ./synergy/ssp/src/driver/r_sci_common/r_sci_common.o
 .text.rxi_handler
                0x00002650       0x3c ./synergy/ssp/src/driver/r_sci_common/r_sci_common.o
 .text.r_sci_hardware_lock
                0x0000268c       0x24 ./synergy/ssp/src/driver/r_sci_common/r_sci_common.o
                0x0000268c                r_sci_hardware_lock
 .text.r_sci_hardware_unlock
                0x000026b0       0x14 ./synergy/ssp/src/driver/r_sci_common/r_sci_common.o
                0x000026b0                r_sci_hardware_unlock
 .text.r_sci_close_common
                0x000026c4      0x11c ./synergy/ssp/src/driver/r_sci_common/r_sci_common.o
                0x000026c4                r_sci_close_common
 .text.r_sci_channel_param_check
                0x000027e0        0xc ./synergy/ssp/src/driver/r_sci_common/r_sci_common.o
                0x000027e0                r_sci_channel_param_check
 .text.sci0_txi_isr
                0x000027ec       0x24 ./synergy/ssp/src/driver/r_sci_common/r_sci_common.o
                0x000027ec                sci0_txi_isr
 .text.sci3_txi_isr
                0x00002810       0x24 ./synergy/ssp/src/driver/r_sci_common/r_sci_common.o
                0x00002810                sci3_txi_isr
 .text.sci0_rxi_isr
                0x00002834       0x24 ./synergy/ssp/src/driver/r_sci_common/r_sci_common.o
                0x00002834                sci0_rxi_isr
 .text.sci3_rxi_isr
                0x00002858       0x24 ./synergy/ssp/src/driver/r_sci_common/r_sci_common.o
                0x00002858                sci3_rxi_isr
 .text.sci0_eri_isr
                0x0000287c       0x24 ./synergy/ssp/src/driver/r_sci_common/r_sci_common.o
                0x0000287c                sci0_eri_isr
 .text.sci3_eri_isr
                0x000028a0       0x24 ./synergy/ssp/src/driver/r_sci_common/r_sci_common.o
                0x000028a0                sci3_eri_isr
 .text.sci0_tei_isr
                0x000028c4       0x24 ./synergy/ssp/src/driver/r_sci_common/r_sci_common.o
                0x000028c4                sci0_tei_isr
 .text.sci3_tei_isr
                0x000028e8       0x24 ./synergy/ssp/src/driver/r_sci_common/r_sci_common.o
                0x000028e8                sci3_tei_isr
 .text.HW_IOPORT_EthernetModeCfg
                0x0000290c       0x28 ./synergy/ssp/src/driver/r_ioport/hw/hw_ioport.o
                0x0000290c                HW_IOPORT_EthernetModeCfg
 .text.HW_IOPORT_PinWrite
                0x00002934       0x28 ./synergy/ssp/src/driver/r_ioport/hw/hw_ioport.o
                0x00002934                HW_IOPORT_PinWrite
 .text.HW_IOPORT_PortWriteWithPCNTR3
                0x0000295c       0x14 ./synergy/ssp/src/driver/r_ioport/hw/hw_ioport.o
                0x0000295c                HW_IOPORT_PortWriteWithPCNTR3
 .text.HW_IOPORT_PortEventInputDataRead
                0x00002970       0x14 ./synergy/ssp/src/driver/r_ioport/hw/hw_ioport.o
                0x00002970                HW_IOPORT_PortEventInputDataRead
 .text.HW_IOPORT_PortEventOutputDataWrite
                0x00002984       0x14 ./synergy/ssp/src/driver/r_ioport/hw/hw_ioport.o
                0x00002984                HW_IOPORT_PortEventOutputDataWrite
 .text.HW_IOPORT_PinRead
                0x00002998       0x1c ./synergy/ssp/src/driver/r_ioport/hw/hw_ioport.o
                0x00002998                HW_IOPORT_PinRead
 .text.HW_IOPORT_PortRead
                0x000029b4       0x14 ./synergy/ssp/src/driver/r_ioport/hw/hw_ioport.o
                0x000029b4                HW_IOPORT_PortRead
 .text.HW_IOPORT_PortDirectionRead
                0x000029c8       0x14 ./synergy/ssp/src/driver/r_ioport/hw/hw_ioport.o
                0x000029c8                HW_IOPORT_PortDirectionRead
 .text.HW_IOPORT_PortDirectionSet
                0x000029dc       0x18 ./synergy/ssp/src/driver/r_ioport/hw/hw_ioport.o
                0x000029dc                HW_IOPORT_PortDirectionSet
 .text.HW_IOPORT_Init_Reference_Counter
                0x000029f4        0xc ./synergy/ssp/src/driver/r_ioport/hw/hw_ioport.o
                0x000029f4                HW_IOPORT_Init_Reference_Counter
 .text.HW_IOPORT_PFSWrite
                0x00002a00       0x80 ./synergy/ssp/src/driver/r_ioport/hw/hw_ioport.o
                0x00002a00                HW_IOPORT_PFSWrite
 .text.HW_IOPORT_PinDirectionSet
                0x00002a80       0x34 ./synergy/ssp/src/driver/r_ioport/hw/hw_ioport.o
                0x00002a80                HW_IOPORT_PinDirectionSet
 .text.R_IOPORT_VersionGet
                0x00002ab4       0x10 ./synergy/ssp/src/driver/r_ioport/r_ioport.o
                0x00002ab4                R_IOPORT_VersionGet
 .text.R_IOPORT_Init
                0x00002ac4       0x34 ./synergy/ssp/src/driver/r_ioport/r_ioport.o
                0x00002ac4                R_IOPORT_Init
 .text.R_IOPORT_PinCfg
                0x00002af8       0x3c ./synergy/ssp/src/driver/r_ioport/r_ioport.o
                0x00002af8                R_IOPORT_PinCfg
 .text.R_IOPORT_PinRead
                0x00002b34       0x24 ./synergy/ssp/src/driver/r_ioport/r_ioport.o
                0x00002b34                R_IOPORT_PinRead
 .text.R_IOPORT_PortRead
                0x00002b58       0x24 ./synergy/ssp/src/driver/r_ioport/r_ioport.o
                0x00002b58                R_IOPORT_PortRead
 .text.R_IOPORT_PortWrite
                0x00002b7c       0x24 ./synergy/ssp/src/driver/r_ioport/r_ioport.o
                0x00002b7c                R_IOPORT_PortWrite
 .text.R_IOPORT_PinWrite
                0x00002ba0       0x20 ./synergy/ssp/src/driver/r_ioport/r_ioport.o
                0x00002ba0                R_IOPORT_PinWrite
 .text.R_IOPORT_PortDirectionSet
                0x00002bc0       0x30 ./synergy/ssp/src/driver/r_ioport/r_ioport.o
                0x00002bc0                R_IOPORT_PortDirectionSet
 .text.R_IOPORT_PinDirectionSet
                0x00002bf0       0x20 ./synergy/ssp/src/driver/r_ioport/r_ioport.o
                0x00002bf0                R_IOPORT_PinDirectionSet
 .text.R_IOPORT_PortEventInputRead
                0x00002c10       0x24 ./synergy/ssp/src/driver/r_ioport/r_ioport.o
                0x00002c10                R_IOPORT_PortEventInputRead
 .text.R_IOPORT_PinEventInputRead
                0x00002c34       0x3c ./synergy/ssp/src/driver/r_ioport/r_ioport.o
                0x00002c34                R_IOPORT_PinEventInputRead
 .text.R_IOPORT_PortEventOutputWrite
                0x00002c70       0x20 ./synergy/ssp/src/driver/r_ioport/r_ioport.o
                0x00002c70                R_IOPORT_PortEventOutputWrite
 .text.R_IOPORT_PinEventOutputWrite
                0x00002c90       0x34 ./synergy/ssp/src/driver/r_ioport/r_ioport.o
                0x00002c90                R_IOPORT_PinEventOutputWrite
 .text.R_IOPORT_EthernetModeCfg
                0x00002cc4       0x1c ./synergy/ssp/src/driver/r_ioport/r_ioport.o
                0x00002cc4                R_IOPORT_EthernetModeCfg
 .text.R_GPT_Stop
                0x00002ce0       0x30 ./synergy/ssp/src/driver/r_gpt/r_gpt.o
                0x00002ce0                R_GPT_Stop
 .text.R_GPT_Start
                0x00002d10       0x30 ./synergy/ssp/src/driver/r_gpt/r_gpt.o
                0x00002d10                R_GPT_Start
 .text.R_GPT_CounterGet
                0x00002d40       0x30 ./synergy/ssp/src/driver/r_gpt/r_gpt.o
                0x00002d40                R_GPT_CounterGet
 .text.R_GPT_VersionGet
                0x00002d70       0x14 ./synergy/ssp/src/driver/r_gpt/r_gpt.o
                0x00002d70                R_GPT_VersionGet
 .text.R_GPT_InfoGet
                0x00002d84       0xac ./synergy/ssp/src/driver/r_gpt/r_gpt.o
                0x00002d84                R_GPT_InfoGet
 .text.R_GPT_Reset
                0x00002e30       0x68 ./synergy/ssp/src/driver/r_gpt/r_gpt.o
                0x00002e30                R_GPT_Reset
 .text.period_to_pclk.isra.1
                0x00002e98       0xe0 ./synergy/ssp/src/driver/r_gpt/r_gpt.o
 .text.R_GPT_PeriodSet
                0x00002f78       0x84 ./synergy/ssp/src/driver/r_gpt/r_gpt.o
                0x00002f78                R_GPT_PeriodSet
 .text.gpt_set_duty_cycle
                0x00002ffc       0x98 ./synergy/ssp/src/driver/r_gpt/r_gpt.o
 .text.duty_cycle_to_pclk.isra.3
                0x00003094       0x64 ./synergy/ssp/src/driver/r_gpt/r_gpt.o
 .text.R_GPT_DutyCycleSet
                0x000030f8       0x50 ./synergy/ssp/src/driver/r_gpt/r_gpt.o
                0x000030f8                R_GPT_DutyCycleSet
 .text.R_GPT_Close
                0x00003148       0xc8 ./synergy/ssp/src/driver/r_gpt/r_gpt.o
                0x00003148                R_GPT_Close
 .text.R_GPT_TimerOpen
                0x00003210      0x3a0 ./synergy/ssp/src/driver/r_gpt/r_gpt.o
                0x00003210                R_GPT_TimerOpen
 .text.R_ELC_LinkSet
                0x000035b0       0x10 ./synergy/ssp/src/driver/r_elc/r_elc.o
                0x000035b0                R_ELC_LinkSet
 .text.R_ELC_LinkBreak
                0x000035c0       0x10 ./synergy/ssp/src/driver/r_elc/r_elc.o
                0x000035c0                R_ELC_LinkBreak
 .text.R_ELC_Enable
                0x000035d0       0x14 ./synergy/ssp/src/driver/r_elc/r_elc.o
                0x000035d0                R_ELC_Enable
 .text.R_ELC_Disable
                0x000035e4       0x14 ./synergy/ssp/src/driver/r_elc/r_elc.o
                0x000035e4                R_ELC_Disable
 .text.R_ELC_VersionGet
                0x000035f8       0x14 ./synergy/ssp/src/driver/r_elc/r_elc.o
                0x000035f8                R_ELC_VersionGet
 .text.R_ELC_SoftwareEventGenerate
                0x0000360c       0x2c ./synergy/ssp/src/driver/r_elc/r_elc.o
                0x0000360c                R_ELC_SoftwareEventGenerate
 .text.R_ELC_Init
                0x00003638       0x50 ./synergy/ssp/src/driver/r_elc/r_elc.o
                0x00003638                R_ELC_Init
 .text.HW_CGC_Init
                0x00003688       0x34 ./synergy/ssp/src/driver/r_cgc/hw/hw_cgc.o
                0x00003688                HW_CGC_Init
 .text.HW_CGC_InitPLLFreq
                0x000036bc       0x74 ./synergy/ssp/src/driver/r_cgc/hw/hw_cgc.o
                0x000036bc                HW_CGC_InitPLLFreq
 .text.HW_CGC_MainClockDriveSet
                0x00003730       0x40 ./synergy/ssp/src/driver/r_cgc/hw/hw_cgc.o
                0x00003730                HW_CGC_MainClockDriveSet
 .text.HW_CGC_SubClockDriveSet
                0x00003770       0x40 ./synergy/ssp/src/driver/r_cgc/hw/hw_cgc.o
                0x00003770                HW_CGC_SubClockDriveSet
 .text.HW_CGC_ClockStart
                0x000037b0       0xa0 ./synergy/ssp/src/driver/r_cgc/hw/hw_cgc.o
                0x000037b0                HW_CGC_ClockStart
 .text.HW_CGC_ClockStop
                0x00003850       0xa0 ./synergy/ssp/src/driver/r_cgc/hw/hw_cgc.o
                0x00003850                HW_CGC_ClockStop
 .text.HW_CGC_ClockCheck
                0x000038f0       0x38 ./synergy/ssp/src/driver/r_cgc/hw/hw_cgc.o
                0x000038f0                HW_CGC_ClockCheck
 .text.HW_CGC_ClockRunStateGet
                0x00003928       0x78 ./synergy/ssp/src/driver/r_cgc/hw/hw_cgc.o
                0x00003928                HW_CGC_ClockRunStateGet
 .text.HW_CGC_DelayCycles
                0x000039a0       0x10 ./synergy/ssp/src/driver/r_cgc/hw/hw_cgc.o
                0x000039a0                HW_CGC_DelayCycles
 .text.HW_CGC_MainOscSourceSet
                0x000039b0       0x40 ./synergy/ssp/src/driver/r_cgc/hw/hw_cgc.o
                0x000039b0                HW_CGC_MainOscSourceSet
 .text.HW_CGC_ClockWaitSet
                0x000039f0       0x40 ./synergy/ssp/src/driver/r_cgc/hw/hw_cgc.o
                0x000039f0                HW_CGC_ClockWaitSet
 .text.HW_CGC_ClockSourceValidCheck
                0x00003a30        0xc ./synergy/ssp/src/driver/r_cgc/hw/hw_cgc.o
                0x00003a30                HW_CGC_ClockSourceValidCheck
 .text.HW_CGC_SystemClockValidCheck
                0x00003a3c        0xc ./synergy/ssp/src/driver/r_cgc/hw/hw_cgc.o
                0x00003a3c                HW_CGC_SystemClockValidCheck
 .text.HW_CGC_ClockSourceGet
                0x00003a48       0x10 ./synergy/ssp/src/driver/r_cgc/hw/hw_cgc.o
                0x00003a48                HW_CGC_ClockSourceGet
 .text.HW_CGC_ClockSourceSet
                0x00003a58       0x40 ./synergy/ssp/src/driver/r_cgc/hw/hw_cgc.o
                0x00003a58                HW_CGC_ClockSourceSet
 .text.HW_CGC_PLLClockSourceGet
                0x00003a98       0x14 ./synergy/ssp/src/driver/r_cgc/hw/hw_cgc.o
                0x00003a98                HW_CGC_PLLClockSourceGet
 .text.HW_CGC_PLLClockSourceSet
                0x00003aac       0x48 ./synergy/ssp/src/driver/r_cgc/hw/hw_cgc.o
                0x00003aac                HW_CGC_PLLClockSourceSet
 .text.HW_CGC_PLLMultiplierSet
                0x00003af4       0x4c ./synergy/ssp/src/driver/r_cgc/hw/hw_cgc.o
                0x00003af4                HW_CGC_PLLMultiplierSet
 .text.HW_CGC_PLLDividerSet
                0x00003b40       0x44 ./synergy/ssp/src/driver/r_cgc/hw/hw_cgc.o
                0x00003b40                HW_CGC_PLLDividerSet
 .text.HW_CGC_SystemDividersSet
                0x00003b84       0x60 ./synergy/ssp/src/driver/r_cgc/hw/hw_cgc.o
                0x00003b84                HW_CGC_SystemDividersSet
 .text.HW_CGC_SystemDividersGet
                0x00003be4       0x40 ./synergy/ssp/src/driver/r_cgc/hw/hw_cgc.o
                0x00003be4                HW_CGC_SystemDividersGet
 .text.HW_CGC_ClockCfgValidCheck
                0x00003c24       0x3c ./synergy/ssp/src/driver/r_cgc/hw/hw_cgc.o
                0x00003c24                HW_CGC_ClockCfgValidCheck
 .text.HW_CGC_ClockDividerGet
                0x00003c60       0x60 ./synergy/ssp/src/driver/r_cgc/hw/hw_cgc.o
                0x00003c60                HW_CGC_ClockDividerGet
 .text.HW_CGC_ClockHzGet
                0x00003cc0       0x24 ./synergy/ssp/src/driver/r_cgc/hw/hw_cgc.o
                0x00003cc0                HW_CGC_ClockHzGet
 .text.HW_CGC_ClockHzCalculate
                0x00003ce4       0x10 ./synergy/ssp/src/driver/r_cgc/hw/hw_cgc.o
                0x00003ce4                HW_CGC_ClockHzCalculate
 .text.HW_CGC_OscStopDetectEnable
                0x00003cf4       0x44 ./synergy/ssp/src/driver/r_cgc/hw/hw_cgc.o
                0x00003cf4                HW_CGC_OscStopDetectEnable
 .text.HW_CGC_OscStopDetectDisable
                0x00003d38       0x44 ./synergy/ssp/src/driver/r_cgc/hw/hw_cgc.o
                0x00003d38                HW_CGC_OscStopDetectDisable
 .text.HW_CGC_OscStopDetectEnabledGet
                0x00003d7c       0x10 ./synergy/ssp/src/driver/r_cgc/hw/hw_cgc.o
                0x00003d7c                HW_CGC_OscStopDetectEnabledGet
 .text.HW_CGC_OscStopDetectGet
                0x00003d8c       0x10 ./synergy/ssp/src/driver/r_cgc/hw/hw_cgc.o
                0x00003d8c                HW_CGC_OscStopDetectGet
 .text.HW_CGC_OscStopStatusClear
                0x00003d9c       0x4c ./synergy/ssp/src/driver/r_cgc/hw/hw_cgc.o
                0x00003d9c                HW_CGC_OscStopStatusClear
 .text.HW_CGC_BusClockOutCfg
                0x00003de8       0x40 ./synergy/ssp/src/driver/r_cgc/hw/hw_cgc.o
                0x00003de8                HW_CGC_BusClockOutCfg
 .text.HW_CGC_BusClockOutEnable
                0x00003e28       0x38 ./synergy/ssp/src/driver/r_cgc/hw/hw_cgc.o
                0x00003e28                HW_CGC_BusClockOutEnable
 .text.HW_CGC_BusClockOutDisable
                0x00003e60       0x38 ./synergy/ssp/src/driver/r_cgc/hw/hw_cgc.o
                0x00003e60                HW_CGC_BusClockOutDisable
 .text.HW_CGC_ClockOutCfg
                0x00003e98       0x60 ./synergy/ssp/src/driver/r_cgc/hw/hw_cgc.o
                0x00003e98                HW_CGC_ClockOutCfg
 .text.HW_CGC_ClockOutEnable
                0x00003ef8       0x38 ./synergy/ssp/src/driver/r_cgc/hw/hw_cgc.o
                0x00003ef8                HW_CGC_ClockOutEnable
 .text.HW_CGC_ClockOutDisable
                0x00003f30       0x38 ./synergy/ssp/src/driver/r_cgc/hw/hw_cgc.o
                0x00003f30                HW_CGC_ClockOutDisable
 .text.HW_CGC_SDRAMClockOutEnable
                0x00003f68       0x38 ./synergy/ssp/src/driver/r_cgc/hw/hw_cgc.o
                0x00003f68                HW_CGC_SDRAMClockOutEnable
 .text.HW_CGC_SDRAMClockOutDisable
                0x00003fa0       0x38 ./synergy/ssp/src/driver/r_cgc/hw/hw_cgc.o
                0x00003fa0                HW_CGC_SDRAMClockOutDisable
 .text.HW_CGC_USBClockCfg
                0x00003fd8       0x40 ./synergy/ssp/src/driver/r_cgc/hw/hw_cgc.o
                0x00003fd8                HW_CGC_USBClockCfg
 .text.HW_CGC_SystickUpdate
                0x00004018       0x38 ./synergy/ssp/src/driver/r_cgc/hw/hw_cgc.o
                0x00004018                HW_CGC_SystickUpdate
 .text.HW_CGC_SRAM_RAMWaitSet
                0x00004050       0x38 ./synergy/ssp/src/driver/r_cgc/hw/hw_cgc.o
                0x00004050                HW_CGC_SRAM_RAMWaitSet
 .text.HW_CGC_SRAM_HSRAMWaitSet
                0x00004088       0x2c ./synergy/ssp/src/driver/r_cgc/hw/hw_cgc.o
                0x00004088                HW_CGC_SRAM_HSRAMWaitSet
 .text.HW_CGC_ROMWaitSet
                0x000040b4       0x1c ./synergy/ssp/src/driver/r_cgc/hw/hw_cgc.o
                0x000040b4                HW_CGC_ROMWaitSet
 .text.HW_CGC_ROMWaitGet
                0x000040d0       0x10 ./synergy/ssp/src/driver/r_cgc/hw/hw_cgc.o
                0x000040d0                HW_CGC_ROMWaitGet
 .text.R_CGC_LCDClockCfg
                0x000040e0        0x4 ./synergy/ssp/src/driver/r_cgc/r_cgc.o
                0x000040e0                R_CGC_LCDClockCfg
 .text.R_CGC_LCDClockEnable
                0x000040e4        0x4 ./synergy/ssp/src/driver/r_cgc/r_cgc.o
                0x000040e4                R_CGC_LCDClockEnable
 .text.R_CGC_LCDClockDisable
                0x000040e8        0x4 ./synergy/ssp/src/driver/r_cgc/r_cgc.o
                0x000040e8                R_CGC_LCDClockDisable
 .text.R_CGC_VersionGet
                0x000040ec       0x10 ./synergy/ssp/src/driver/r_cgc/r_cgc.o
                0x000040ec                R_CGC_VersionGet
 .text.R_CGC_SystemClockGet
                0x000040fc       0x18 ./synergy/ssp/src/driver/r_cgc/r_cgc.o
                0x000040fc                R_CGC_SystemClockGet
 .text.R_CGC_SystemClockFreqGet
                0x00004114       0x24 ./synergy/ssp/src/driver/r_cgc/r_cgc.o
                0x00004114                R_CGC_SystemClockFreqGet
 .text.R_CGC_OscStopStatusClear
                0x00004138       0x2c ./synergy/ssp/src/driver/r_cgc/r_cgc.o
                0x00004138                R_CGC_OscStopStatusClear
 .text.R_CGC_BusClockOutCfg
                0x00004164        0xc ./synergy/ssp/src/driver/r_cgc/r_cgc.o
                0x00004164                R_CGC_BusClockOutCfg
 .text.R_CGC_BusClockOutEnable
                0x00004170        0xc ./synergy/ssp/src/driver/r_cgc/r_cgc.o
                0x00004170                R_CGC_BusClockOutEnable
 .text.R_CGC_BusClockOutDisable
                0x0000417c        0xc ./synergy/ssp/src/driver/r_cgc/r_cgc.o
                0x0000417c                R_CGC_BusClockOutDisable
 .text.R_CGC_ClockOutCfg
                0x00004188        0xc ./synergy/ssp/src/driver/r_cgc/r_cgc.o
                0x00004188                R_CGC_ClockOutCfg
 .text.R_CGC_ClockOutEnable
                0x00004194        0xc ./synergy/ssp/src/driver/r_cgc/r_cgc.o
                0x00004194                R_CGC_ClockOutEnable
 .text.R_CGC_ClockOutDisable
                0x000041a0        0xc ./synergy/ssp/src/driver/r_cgc/r_cgc.o
                0x000041a0                R_CGC_ClockOutDisable
 .text.R_CGC_SDRAMClockOutEnable
                0x000041ac        0xc ./synergy/ssp/src/driver/r_cgc/r_cgc.o
                0x000041ac                R_CGC_SDRAMClockOutEnable
 .text.R_CGC_SDRAMClockOutDisable
                0x000041b8        0xc ./synergy/ssp/src/driver/r_cgc/r_cgc.o
                0x000041b8                R_CGC_SDRAMClockOutDisable
 .text.R_CGC_USBClockCfg
                0x000041c4        0xc ./synergy/ssp/src/driver/r_cgc/r_cgc.o
                0x000041c4                R_CGC_USBClockCfg
 .text.R_CGC_Init
                0x000041d0       0x50 ./synergy/ssp/src/driver/r_cgc/r_cgc.o
                0x000041d0                R_CGC_Init
 .text.R_CGC_ClockCheck
                0x00004220       0x60 ./synergy/ssp/src/driver/r_cgc/r_cgc.o
                0x00004220                R_CGC_ClockCheck
 .text.R_CGC_ClockStart
                0x00004280      0x104 ./synergy/ssp/src/driver/r_cgc/r_cgc.o
                0x00004280                R_CGC_ClockStart
 .text.R_CGC_ClockStop
                0x00004384       0xac ./synergy/ssp/src/driver/r_cgc/r_cgc.o
                0x00004384                R_CGC_ClockStop
 .text.R_CGC_SystemClockSet
                0x00004430       0xec ./synergy/ssp/src/driver/r_cgc/r_cgc.o
                0x00004430                R_CGC_SystemClockSet
 .text.R_CGC_OscStopDetect
                0x0000451c       0x40 ./synergy/ssp/src/driver/r_cgc/r_cgc.o
                0x0000451c                R_CGC_OscStopDetect
 .text.R_CGC_SystickUpdate
                0x0000455c       0x50 ./synergy/ssp/src/driver/r_cgc/r_cgc.o
                0x0000455c                R_CGC_SystickUpdate
 .text.bsp_clock_init
                0x000045ac       0x9c ./synergy/ssp/src/bsp/mcu/s7g2/bsp_clocks.o
                0x000045ac                bsp_clock_init
 .text.bsp_cpu_clock_get
                0x00004648       0x20 ./synergy/ssp/src/bsp/mcu/s7g2/bsp_clocks.o
                0x00004648                bsp_cpu_clock_get
 .text.bsp_group_interrupt_open
                0x00004668       0x18 ./synergy/ssp/src/bsp/mcu/s7g2/bsp_group_irq.o
                0x00004668                bsp_group_interrupt_open
 .text.R_BSP_GroupIrqWrite
                0x00004680       0x10 ./synergy/ssp/src/bsp/mcu/s7g2/bsp_group_irq.o
                0x00004680                R_BSP_GroupIrqWrite
 .text.NMI_Handler
                0x00004690      0x1f4 ./synergy/ssp/src/bsp/mcu/s7g2/bsp_group_irq.o
                0x00004690                NMI_Handler
 .text.R_BSP_IrqStatusClear
                0x00004884       0x18 ./synergy/ssp/src/bsp/mcu/s7g2/bsp_irq.o
                0x00004884                R_BSP_IrqStatusClear
 .text.bsp_irq_cfg
                0x0000489c       0xa0 ./synergy/ssp/src/bsp/mcu/s7g2/bsp_irq.o
                0x0000489c                bsp_irq_cfg
 .text.R_BSP_HardwareLock
                0x0000493c       0x28 ./synergy/ssp/src/bsp/mcu/s7g2/bsp_locking.o
                0x0000493c                R_BSP_HardwareLock
 .text.R_BSP_HardwareUnlock
                0x00004964        0xc ./synergy/ssp/src/bsp/mcu/s7g2/bsp_locking.o
                0x00004964                R_BSP_HardwareUnlock
 .text.bsp_init_hardware_locks
                0x00004970       0x18 ./synergy/ssp/src/bsp/mcu/s7g2/bsp_locking.o
                0x00004970                bsp_init_hardware_locks
 .text.R_BSP_RegisterProtectEnable
                0x00004988       0x48 ./synergy/ssp/src/bsp/mcu/s7g2/bsp_register_protection.o
                0x00004988                R_BSP_RegisterProtectEnable
 .text.R_BSP_RegisterProtectDisable
                0x000049d0       0x50 ./synergy/ssp/src/bsp/mcu/s7g2/bsp_register_protection.o
                0x000049d0                R_BSP_RegisterProtectDisable
 .text.bsp_register_protect_open
                0x00004a20       0x10 ./synergy/ssp/src/bsp/mcu/s7g2/bsp_register_protection.o
                0x00004a20                bsp_register_protect_open
 .text.bsp_vbatt_init
                0x00004a30       0x80 ./synergy/ssp/src/bsp/mcu/s7g2/bsp_vbatt.o
                0x00004a30                bsp_vbatt_init
 .text.software_delay_loop
                0x00004ab0        0xc ./synergy/ssp/src/bsp/mcu/all/bsp_delay.o
 .text.R_BSP_SoftwareDelay
                0x00004abc       0x58 ./synergy/ssp/src/bsp/mcu/all/bsp_delay.o
                0x00004abc                R_BSP_SoftwareDelay
 .text._sbrk    0x00004b14       0x40 ./synergy/ssp/src/bsp/mcu/all/bsp_sbrk.o
                0x00004b14                _sbrk
 .text.Default_Handler
                0x00004b54        0x4 ./synergy/ssp/src/bsp/cmsis/Device/RENESAS/S7G2/Source/startup_S7G2.o
                0x00004b54                gpt0_counter_overflow_isr
                0x00004b54                iic2_eri_isr
                0x00004b54                gpt10_counter_overflow_isr
                0x00004b54                gpt0_compare_e_isr
                0x00004b54                gpt7_counter_underflow_isr
                0x00004b54                gpt9_capture_compare_a_isr
                0x00004b54                DebugMon_Handler
                0x00004b54                ctsu_write_isr
                0x00004b54                dmac3_int_isr
                0x00004b54                ioport_event_4_isr
                0x00004b54                src_conversion_end_isr
                0x00004b54                sdhimmc1_accs_isr
                0x00004b54                gpt1_compare_c_isr
                0x00004b54                iic1_txi_isr
                0x00004b54                src_output_fifo_overflow_isr
                0x00004b54                gpt7_capture_compare_b_isr
                0x00004b54                sci5_eri_isr
                0x00004b54                ssi1_int_isr
                0x00004b54                elc_software_event_0_isr
                0x00004b54                gpt1_compare_d_isr
                0x00004b54                gpt5_ad_trig_b_isr
                0x00004b54                icu_irq5_isr
                0x00004b54                HardFault_Handler
                0x00004b54                eptpc_timer0_fall_isr
                0x00004b54                gpt12_counter_underflow_isr
                0x00004b54                key_int_isr
                0x00004b54                gpt4_capture_compare_a_isr
                0x00004b54                gpt11_compare_f_isr
                0x00004b54                sci9_eri_isr
                0x00004b54                gpt7_counter_overflow_isr
                0x00004b54                sci9_rxi_isr
                0x00004b54                icu_irq1_isr
                0x00004b54                SysTick_Handler
                0x00004b54                sce_proc_busy_isr
                0x00004b54                gpt8_capture_compare_b_isr
                0x00004b54                gpt9_compare_e_isr
                0x00004b54                PendSV_Handler
                0x00004b54                gpt6_ad_trig_b_isr
                0x00004b54                gpt0_counter_underflow_isr
                0x00004b54                sce_romok_isr
                0x00004b54                gpt2_compare_c_isr
                0x00004b54                gpt9_counter_underflow_isr
                0x00004b54                usbfs_int_isr
                0x00004b54                spi1_eri_isr
                0x00004b54                adc0_scan_end_b_isr
                0x00004b54                gpt11_counter_overflow_isr
                0x00004b54                iic2_rxi_isr
                0x00004b54                sci5_tei_isr
                0x00004b54                gpt5_compare_d_isr
                0x00004b54                poeg1_event_isr
                0x00004b54                iic1_eri_isr
                0x00004b54                icu_irq2_isr
                0x00004b54                iic0_tei_isr
                0x00004b54                adc0_compare_match_isr
                0x00004b54                sce_integrate_rdrdy_isr
                0x00004b54                spi1_txi_isr
                0x00004b54                pdc_frame_end_isr
                0x00004b54                dmac7_int_isr
                0x00004b54                gpt8_counter_overflow_isr
                0x00004b54                adc1_compare_match_isr
                0x00004b54                can1_mailbox_rx_isr
                0x00004b54                iic2_txi_isr
                0x00004b54                gpt5_capture_compare_b_isr
                0x00004b54                can1_fifo_tx_isr
                0x00004b54                adc1_compare_mismatch_isr
                0x00004b54                can1_fifo_rx_isr
                0x00004b54                sce_wrrdy_1_isr
                0x00004b54                sce_integrate_wrrdy_isr
                0x00004b54                poeg3_event_isr
                0x00004b54                gpt5_compare_c_isr
                0x00004b54                gpt6_capture_compare_a_isr
                0x00004b54                gpt2_compare_e_isr
                0x00004b54                gpt3_ad_trig_b_isr
                0x00004b54                agt1_int_isr
                0x00004b54                gpt0_capture_compare_b_isr
                0x00004b54                dmac5_int_isr
                0x00004b54                gpt12_compare_c_isr
                0x00004b54                gpt4_compare_e_isr
                0x00004b54                spi0_idle_isr
                0x00004b54                gpt9_counter_overflow_isr
                0x00004b54                gpt12_compare_d_isr
                0x00004b54                gpt1_ad_trig_a_isr
                0x00004b54                icu_irq14_isr
                0x00004b54                sci1_eri_isr
                0x00004b54                ssi0_rxi_isr
                0x00004b54                agt0_int_isr
                0x00004b54                glcdc_underflow_2_isr
                0x00004b54                sci9_am_isr
                0x00004b54                sdhimmc1_dma_req_isr
                0x00004b54                gpt7_compare_d_isr
                0x00004b54                gpt5_compare_e_isr
                0x00004b54                UsageFault_Handler
                0x00004b54                icu_irq9_isr
                0x00004b54                iic1_tei_isr
                0x00004b54                dmac4_int_isr
                0x00004b54                adc0_window_b_isr
                0x00004b54                iwdt_underflow_isr
                0x00004b54                icu_irq7_isr
                0x00004b54                gpt6_ad_trig_a_isr
                0x00004b54                gpt5_counter_overflow_isr
                0x00004b54                sci8_txi_isr
                0x00004b54                gpt3_compare_e_isr
                0x00004b54                gpt11_counter_underflow_isr
                0x00004b54                gpt2_capture_compare_a_isr
                0x00004b54                can0_mailbox_tx_isr
                0x00004b54                edmac0_eint_isr
                0x00004b54                gpt6_compare_e_isr
                0x00004b54                gpt3_capture_compare_b_isr
                0x00004b54                gpt13_capture_compare_a_isr
                0x00004b54                icu_irq13_isr
                0x00004b54                sci8_tei_isr
                0x00004b54                gpt2_capture_compare_b_isr
                0x00004b54                sce_test_busy_isr
                0x00004b54                eptpc_timer1_rise_isr
                0x00004b54                sci7_am_isr
                0x00004b54                gpt7_compare_f_isr
                0x00004b54                gpt0_compare_c_isr
                0x00004b54                eptpc_timer5_rise_isr
                0x00004b54                gpt1_capture_compare_b_isr
                0x00004b54                spi1_tei_isr
                0x00004b54                gpt11_compare_e_isr
                0x00004b54                dmac6_int_isr
                0x00004b54                sce_wrrdy_0_isr
                0x00004b54                cac_measurement_end_isr
                0x00004b54                gpt10_compare_f_isr
                0x00004b54                jpeg_jedi_isr
                0x00004b54                sci6_txi_isr
                0x00004b54                icu_irq3_isr
                0x00004b54                can1_error_isr
                0x00004b54                adc1_window_a_isr
                0x00004b54                icu_irq0_isr
                0x00004b54                gpt6_capture_compare_b_isr
                0x00004b54                usbhs_fifo_1_isr
                0x00004b54                eptpc_ipls_isr
                0x00004b54                gpt6_compare_d_isr
                0x00004b54                eptpc_timer4_rise_isr
                0x00004b54                gpt2_compare_f_isr
                0x00004b54                sdhimmc0_sdio_isr
                0x00004b54                can0_mailbox_rx_isr
                0x00004b54                adc0_window_a_isr
                0x00004b54                gpt11_compare_c_isr
                0x00004b54                sce_rdrdy_0_isr
                0x00004b54                gpt8_compare_e_isr
                0x00004b54                gpt1_ad_trig_b_isr
                0x00004b54                gpt2_ad_trig_b_isr
                0x00004b54                gpt1_compare_f_isr
                0x00004b54                dtc_complete_isr
                0x00004b54                dmac1_int_isr
                0x00004b54                gpt4_counter_underflow_isr
                0x00004b54                gpt3_compare_f_isr
                0x00004b54                iic2_tei_isr
                0x00004b54                eptpc_timer1_fall_isr
                0x00004b54                adc0_compare_mismatch_isr
                0x00004b54                sci9_tei_isr
                0x00004b54                sci5_rxi_isr
                0x00004b54                ops_uvw_edge_isr
                0x00004b54                dmac2_int_isr
                0x00004b54                gpt6_compare_c_isr
                0x00004b54                gpt1_compare_e_isr
                0x00004b54                gpt5_capture_compare_a_isr
                0x00004b54                sci2_tei_isr
                0x00004b54                sci7_txi_isr
                0x00004b54                sci4_eri_isr
                0x00004b54                gpt4_compare_d_isr
                0x00004b54                iic0_txi_isr
                0x00004b54                sci0_rxi_or_eri_isr
                0x00004b54                gpt4_counter_overflow_isr
                0x00004b54                gpt1_counter_underflow_isr
                0x00004b54                sce_wrrdy_4_isr
                0x00004b54                gpt2_ad_trig_a_isr
                0x00004b54                gpt3_capture_compare_a_isr
                0x00004b54                pdc_receive_data_ready_isr
                0x00004b54                gpt10_capture_compare_a_isr
                0x00004b54                gpt8_compare_f_isr
                0x00004b54                sci4_rxi_isr
                0x00004b54                gpt3_counter_overflow_isr
                0x00004b54                gpt4_ad_trig_b_isr
                0x00004b54                gpt13_compare_d_isr
                0x00004b54                sdhimmc0_dma_req_isr
                0x00004b54                gpt9_compare_f_isr
                0x00004b54                elc_software_event_1_isr
                0x00004b54                rtc_alarm_isr
                0x00004b54                gpt13_compare_f_isr
                0x00004b54                gpt0_compare_f_isr
                0x00004b54                adc1_scan_end_b_isr
                0x00004b54                wdt_underflow_isr
                0x00004b54                sci2_eri_isr
                0x00004b54                iic0_eri_isr
                0x00004b54                jpeg_jdti_isr
                0x00004b54                eptpc_timer2_fall_isr
                0x00004b54                adc1_window_b_isr
                0x00004b54                gpt4_compare_f_isr
                0x00004b54                gpt10_compare_d_isr
                0x00004b54                gpt7_ad_trig_b_isr
                0x00004b54                gpt10_compare_c_isr
                0x00004b54                gpt1_counter_overflow_isr
                0x00004b54                sci6_tei_isr
                0x00004b54                Default_Handler
                0x00004b54                cgc_mosc_stop_isr
                0x00004b54                gpt7_capture_compare_a_isr
                0x00004b54                usbhs_usb_int_resume_isr
                0x00004b54                gpt3_compare_c_isr
                0x00004b54                agt1_compare_a_isr
                0x00004b54                sdhimmc1_card_isr
                0x00004b54                gpt0_compare_d_isr
                0x00004b54                sci6_am_isr
                0x00004b54                gpt1_capture_compare_a_isr
                0x00004b54                eptpc_timer2_rise_isr
                0x00004b54                eptpc_timer3_fall_isr
                0x00004b54                gpt8_capture_compare_a_isr
                0x00004b54                sci1_tei_isr
                0x00004b54                gpt4_capture_compare_b_isr
                0x00004b54                iic1_rxi_isr
                0x00004b54                gpt4_compare_c_isr
                0x00004b54                icu_irq10_isr
                0x00004b54                usbfs_resume_isr
                0x00004b54                gpt6_compare_f_isr
                0x00004b54                gpt8_compare_d_isr
                0x00004b54                sdhimmc0_card_isr
                0x00004b54                gpt10_counter_underflow_isr
                0x00004b54                sci2_rxi_isr
                0x00004b54                can0_error_isr
                0x00004b54                gpt11_capture_compare_a_isr
                0x00004b54                sci7_rxi_isr
                0x00004b54                comp_hs_0_isr
                0x00004b54                gpt13_capture_compare_b_isr
                0x00004b54                eptpc_timer5_fall_isr
                0x00004b54                spi0_rxi_isr
                0x00004b54                eptpc_mint_isr
                0x00004b54                ctsu_end_isr
                0x00004b54                spi1_rxi_isr
                0x00004b54                spi0_eri_isr
                0x00004b54                comp_hs_2_isr
                0x00004b54                sci8_eri_isr
                0x00004b54                sci0_am_isr
                0x00004b54                ssi0_int_isr
                0x00004b54                gpt13_counter_overflow_isr
                0x00004b54                icu_irq6_isr
                0x00004b54                MemManage_Handler
                0x00004b54                sci4_am_isr
                0x00004b54                src_output_fifo_underflow_isr
                0x00004b54                sdhimmc0_accs_isr
                0x00004b54                doc_int_isr
                0x00004b54                SVC_Handler
                0x00004b54                gpt3_compare_d_isr
                0x00004b54                sci8_am_isr
                0x00004b54                eptpc_timer4_fall_isr
                0x00004b54                gpt12_counter_overflow_isr
                0x00004b54                sci4_txi_isr
                0x00004b54                adc1_scan_end_isr
                0x00004b54                usbfs_fifo_0_isr
                0x00004b54                ioport_event_3_isr
                0x00004b54                glcdc_underflow_1_isr
                0x00004b54                gpt2_counter_overflow_isr
                0x00004b54                can0_fifo_tx_isr
                0x00004b54                gpt7_compare_c_isr
                0x00004b54                icu_irq12_isr
                0x00004b54                gpt9_compare_d_isr
                0x00004b54                ioport_event_2_isr
                0x00004b54                gpt6_counter_overflow_isr
                0x00004b54                usbhs_fifo_0_isr
                0x00004b54                gpt0_ad_trig_b_isr
                0x00004b54                src_output_fifo_full_isr
                0x00004b54                can1_mailbox_tx_isr
                0x00004b54                gpt12_compare_f_isr
                0x00004b54                gpt4_ad_trig_a_isr
                0x00004b54                rtc_carry_isr
                0x00004b54                comp_hs_3_isr
                0x00004b54                sci1_rxi_isr
                0x00004b54                gpt2_compare_d_isr
                0x00004b54                sci5_am_isr
                0x00004b54                gpt9_compare_c_isr
                0x00004b54                dmac0_int_isr
                0x00004b54                spi0_tei_isr
                0x00004b54                sdhimmc1_sdio_isr
                0x00004b54                adc0_scan_end_isr
                0x00004b54                edmac1_eint_isr
                0x00004b54                ioport_event_1_isr
                0x00004b54                ssi0_txi_isr
                0x00004b54                sce_rdrdy_1_isr
                0x00004b54                gpt12_capture_compare_a_isr
                0x00004b54                gpt0_capture_compare_a_isr
                0x00004b54                spi1_idle_isr
                0x00004b54                gpt6_counter_underflow_isr
                0x00004b54                sce_long_plg_isr
                0x00004b54                rtc_period_isr
                0x00004b54                fcu_frdyi_isr
                0x00004b54                sci7_tei_isr
                0x00004b54                iic0_rxi_isr
                0x00004b54                gpt9_capture_compare_b_isr
                0x00004b54                src_input_fifo_empty_isr
                0x00004b54                gpt13_counter_underflow_isr
                0x00004b54                gpt5_compare_f_isr
                0x00004b54                cac_frequency_error_isr
                0x00004b54                gpt10_capture_compare_b_isr
                0x00004b54                lpm_snooze_request_isr
                0x00004b54                sci5_txi_isr
                0x00004b54                qspi_int_isr
                0x00004b54                dtc_end_isr
                0x00004b54                gpt11_capture_compare_b_isr
                0x00004b54                eptpc_pint_isr
                0x00004b54                gpt8_compare_c_isr
                0x00004b54                gpt3_ad_trig_a_isr
                0x00004b54                usbfs_fifo_1_isr
                0x00004b54                gpt8_counter_underflow_isr
                0x00004b54                pdc_int_isr
                0x00004b54                drw_int_isr
                0x00004b54                fcu_fiferr_isr
                0x00004b54                sci2_txi_isr
                0x00004b54                eptpc_timer3_rise_isr
                0x00004b54                sci6_rxi_isr
                0x00004b54                sci1_txi_isr
                0x00004b54                gpt10_compare_e_isr
                0x00004b54                gpt3_counter_underflow_isr
                0x00004b54                gpt11_compare_d_isr
                0x00004b54                gpt13_compare_c_isr
                0x00004b54                agt1_compare_b_isr
                0x00004b54                ctsu_read_isr
                0x00004b54                icu_irq4_isr
                0x00004b54                gpt13_compare_e_isr
                0x00004b54                gpt0_ad_trig_a_isr
                0x00004b54                gpt7_compare_e_isr
                0x00004b54                cac_overflow_isr
                0x00004b54                sci1_am_isr
                0x00004b54                BusFault_Handler
                0x00004b54                gpt7_ad_trig_a_isr
                0x00004b54                gpt12_capture_compare_b_isr
                0x00004b54                gpt5_counter_underflow_isr
                0x00004b54                gpt12_compare_e_isr
                0x00004b54                comp_hs_1_isr
                0x00004b54                sci6_eri_isr
                0x00004b54                gpt5_ad_trig_a_isr
                0x00004b54                poeg2_event_isr
                0x00004b54                sci8_rxi_isr
                0x00004b54                icu_irq8_isr
                0x00004b54                spi0_txi_isr
                0x00004b54                sci2_am_isr
                0x00004b54                lvd_lvd2_isr
                0x00004b54                comp_hs_4_isr
                0x00004b54                icu_irq15_isr
                0x00004b54                glcdc_line_detect_isr
                0x00004b54                poeg0_event_isr
                0x00004b54                sci9_txi_isr
                0x00004b54                ssi1_txi_rxi_isr
                0x00004b54                icu_irq11_isr
                0x00004b54                lvd_lvd1_isr
                0x00004b54                sci7_eri_isr
                0x00004b54                agt0_compare_b_isr
                0x00004b54                agt0_compare_a_isr
                0x00004b54                sci4_tei_isr
                0x00004b54                icu_snooze_cancel_isr
                0x00004b54                can0_fifo_rx_isr
                0x00004b54                iic0_wui_isr
                0x00004b54                eptpc_timer0_rise_isr
                0x00004b54                gpt2_counter_underflow_isr
                0x00004b54                sci3_am_isr
                0x00004b54                comp_hs_5_isr
 .text.Reset_Handler
                0x00004b58        0xc ./synergy/ssp/src/bsp/cmsis/Device/RENESAS/S7G2/Source/startup_S7G2.o
                0x00004b58                Reset_Handler
 .text.R_BSP_WarmStart
                0x00004b64        0x4 ./synergy/ssp/src/bsp/cmsis/Device/RENESAS/S7G2/Source/system_S7G2.o
                0x00004b64                R_BSP_WarmStart
 .text.SystemInit
                0x00004b68       0xb0 ./synergy/ssp/src/bsp/cmsis/Device/RENESAS/S7G2/Source/system_S7G2.o
                0x00004b68                SystemInit
 .text.bsp_init
                0x00004c18        0x4 ./synergy/ssp/src/bsp/board/s7g2_sk/bsp_init.o
                0x00004c18                bsp_init
 .text.bsp_qspi_xip_mode
                0x00004c1c       0x88 ./synergy/ssp/src/bsp/board/s7g2_sk/bsp_qspi.o
 .text.bsp_qspi_init
                0x00004ca4      0x138 ./synergy/ssp/src/bsp/board/s7g2_sk/bsp_qspi.o
                0x00004ca4                bsp_qspi_init
 .text.startup.main
                0x00004ddc        0xc ./src/synergy_gen/main.o
                0x00004ddc                main
 .text.BMP180Initialize
                0x00004de8        0x4 ./src/BMP180.o
                0x00004de8                BMP180Initialize
 .text.BMP180GetChipId
                0x00004dec       0x20 ./src/BMP180.o
                0x00004dec                BMP180GetChipId
 .text.BMP180Open
                0x00004e0c       0x24 ./src/BMP180.o
                0x00004e0c                BMP180Open
 .text.BMP180GetCalibrationFactors
                0x00004e30       0xdc ./src/BMP180.o
                0x00004e30                BMP180GetCalibrationFactors
 .text.BMP180StartTemperature
                0x00004f0c       0x2c ./src/BMP180.o
                0x00004f0c                BMP180StartTemperature
 .text.BMP180GetTemperature
                0x00004f38      0x158 ./src/BMP180.o
                0x00004f38                BMP180GetTemperature
 .text.BMP180StartPressureFine
                0x00005090       0x2c ./src/BMP180.o
                0x00005090                BMP180StartPressureFine
 *fill*         0x000050bc        0x4 ff
 .text.BMP180GetPressure
                0x000050c0      0x30c ./src/BMP180.o
                0x000050c0                BMP180GetPressure
 .text.I2CInitialize
                0x000053cc        0x4 ./src/I2C1.o
                0x000053cc                I2CInitialize
 .text.I2COpen  0x000053d0       0x10 ./src/I2C1.o
                0x000053d0                I2COpen
 .text.I2CWrite
                0x000053e0       0x18 ./src/I2C1.o
                0x000053e0                I2CWrite
 .text.I2CWriteByte
                0x000053f8       0x28 ./src/I2C1.o
                0x000053f8                I2CWriteByte
 .text.I2CRead  0x00005420       0x18 ./src/I2C1.o
                0x00005420                I2CRead
 .text.I2CReadByte
                0x00005438       0x1c ./src/I2C1.o
                0x00005438                I2CReadByte
 .text.TimerInitialize
                0x00005454       0x10 ./src/Timer.o
                0x00005454                TimerInitialize
 .text.TimerSleepMs
                0x00005464       0x58 ./src/Timer.o
                0x00005464                TimerSleepMs
 .text._write   0x000054bc       0x2c ./src/UART1.o
                0x000054bc                _write
 .text._read    0x000054e8       0x2c ./src/UART1.o
                0x000054e8                _read
 .text.UartInitialize
                0x00005514        0x4 ./src/UART1.o
                0x00005514                UartInitialize
 .text.UartOpen
                0x00005518       0x30 ./src/UART1.o
                0x00005518                UartOpen
 .text.UartCallback
                0x00005548       0x28 ./src/UART1.o
                0x00005548                UartCallback
 .text.hal_entry
                0x00005570      0x13c ./src/hal_entry.o
                0x00005570                hal_entry
 .text          0x000056ac      0x370 c:/program files (x86)/gnu tools arm embedded/4.9 2015q3/bin/../lib/gcc/arm-none-eabi/4.9.3/armv7e-m/fpu\libgcc.a(_arm_addsubdf3.o)
                0x000056ac                __aeabi_drsub
                0x000056b4                __aeabi_dsub
                0x000056b4                __subdf3
                0x000056b8                __aeabi_dadd
                0x000056b8                __adddf3
                0x00005930                __floatunsidf
                0x00005930                __aeabi_ui2d
                0x00005950                __floatsidf
                0x00005950                __aeabi_i2d
                0x00005974                __aeabi_f2d
                0x00005974                __extendsfdf2
                0x000059b0                __floatundidf
                0x000059b0                __aeabi_ul2d
                0x000059c0                __floatdidf
                0x000059c0                __aeabi_l2d
 .text          0x00005a1c      0x424 c:/program files (x86)/gnu tools arm embedded/4.9 2015q3/bin/../lib/gcc/arm-none-eabi/4.9.3/armv7e-m/fpu\libgcc.a(_arm_muldivdf3.o)
                0x00005a1c                __aeabi_dmul
                0x00005a1c                __muldf3
                0x00005c70                __divdf3
                0x00005c70                __aeabi_ddiv
 .text          0x00005e40       0x50 c:/program files (x86)/gnu tools arm embedded/4.9 2015q3/bin/../lib/gcc/arm-none-eabi/4.9.3/armv7e-m/fpu\libgcc.a(_arm_fixdfsi.o)
                0x00005e40                __aeabi_d2iz
                0x00005e40                __fixdfsi
 .text          0x00005e90       0x38 c:/program files (x86)/gnu tools arm embedded/4.9 2015q3/bin/../lib/gcc/arm-none-eabi/4.9.3/armv7e-m/fpu\libgcc.a(_aeabi_ldivmod.o)
                0x00005e90                __aeabi_ldivmod
 .text          0x00005ec8       0x30 c:/program files (x86)/gnu tools arm embedded/4.9 2015q3/bin/../lib/gcc/arm-none-eabi/4.9.3/armv7e-m/fpu\libgcc.a(_aeabi_uldivmod.o)
                0x00005ec8                __aeabi_uldivmod
 .text          0x00005ef8       0x30 c:/program files (x86)/gnu tools arm embedded/4.9 2015q3/bin/../lib/gcc/arm-none-eabi/4.9.3/armv7e-m/fpu\libgcc.a(_fixdfdi.o)
                0x00005ef8                __fixdfdi
                0x00005ef8                __aeabi_d2lz
 .text          0x00005f28       0x48 c:/program files (x86)/gnu tools arm embedded/4.9 2015q3/bin/../lib/gcc/arm-none-eabi/4.9.3/armv7e-m/fpu\libgcc.a(_fixunsdfdi.o)
                0x00005f28                __fixunsdfdi
                0x00005f28                __aeabi_d2ulz
 .text          0x00005f70       0x60 c:/program files (x86)/gnu tools arm embedded/4.9 2015q3/bin/../lib/gcc/arm-none-eabi/4.9.3/armv7e-m/fpu\libgcc.a(bpabi.o)
                0x00005f70                __gnu_ldivmod_helper
                0x00005fa0                __gnu_uldivmod_helper
 .text          0x00005fd0        0x4 c:/program files (x86)/gnu tools arm embedded/4.9 2015q3/bin/../lib/gcc/arm-none-eabi/4.9.3/armv7e-m/fpu\libgcc.a(_dvmd_tls.o)
                0x00005fd0                __aeabi_idiv0
                0x00005fd0                __aeabi_ldiv0
 .text          0x00005fd4      0x110 c:/program files (x86)/gnu tools arm embedded/4.9 2015q3/bin/../lib/gcc/arm-none-eabi/4.9.3/armv7e-m/fpu\libgcc.a(_arm_cmpdf2.o)
                0x00005fd4                __gtdf2
                0x00005fd4                __gedf2
                0x00005fdc                __ltdf2
                0x00005fdc                __ledf2
                0x00005fe4                __nedf2
                0x00005fe4                __eqdf2
                0x00005fe4                __cmpdf2
                0x00006060                __aeabi_cdrcmple
                0x00006070                __aeabi_cdcmpeq
                0x00006070                __aeabi_cdcmple
                0x00006080                __aeabi_dcmpeq
                0x00006094                __aeabi_dcmplt
                0x000060a8                __aeabi_dcmple
                0x000060bc                __aeabi_dcmpge
                0x000060d0                __aeabi_dcmpgt
 .text          0x000060e4       0x40 c:/program files (x86)/gnu tools arm embedded/4.9 2015q3/bin/../lib/gcc/arm-none-eabi/4.9.3/armv7e-m/fpu\libgcc.a(_arm_fixunsdfsi.o)
                0x000060e4                __aeabi_d2uiz
                0x000060e4                __fixunsdfsi
 .text          0x00006124      0x29c c:/program files (x86)/gnu tools arm embedded/4.9 2015q3/bin/../lib/gcc/arm-none-eabi/4.9.3/armv7e-m/fpu\libgcc.a(_divdi3.o)
                0x00006124                __divdi3
 .text          0x000063c0      0x26c c:/program files (x86)/gnu tools arm embedded/4.9 2015q3/bin/../lib/gcc/arm-none-eabi/4.9.3/armv7e-m/fpu\libgcc.a(_udivdi3.o)
                0x000063c0                __udivdi3
 .text.__errno  0x0000662c        0xc c:/program files (x86)/gnu tools arm embedded/4.9 2015q3/bin/../lib/gcc/arm-none-eabi/4.9.3/../../../../arm-none-eabi/lib/armv7e-m/fpu\libg_nano.a(lib_a-errno.o)
                0x0000662c                __errno
 .text.memset   0x00006638       0x10 c:/program files (x86)/gnu tools arm embedded/4.9 2015q3/bin/../lib/gcc/arm-none-eabi/4.9.3/../../../../arm-none-eabi/lib/armv7e-m/fpu\libg_nano.a(lib_a-memset.o)
                0x00006638                memset
 .text.printf   0x00006648       0x30 c:/program files (x86)/gnu tools arm embedded/4.9 2015q3/bin/../lib/gcc/arm-none-eabi/4.9.3/../../../../arm-none-eabi/lib/armv7e-m/fpu\libg_nano.a(lib_a-printf.o)
                0x00006648                iprintf
                0x00006648                printf
 .text._puts_r  0x00006678       0xf0 c:/program files (x86)/gnu tools arm embedded/4.9 2015q3/bin/../lib/gcc/arm-none-eabi/4.9.3/../../../../arm-none-eabi/lib/armv7e-m/fpu\libg_nano.a(lib_a-puts.o)
                0x00006678                _puts_r
 .text.puts     0x00006768       0x10 c:/program files (x86)/gnu tools arm embedded/4.9 2015q3/bin/../lib/gcc/arm-none-eabi/4.9.3/../../../../arm-none-eabi/lib/armv7e-m/fpu\libg_nano.a(lib_a-puts.o)
                0x00006768                puts
 .text.setvbuf  0x00006778      0x110 c:/program files (x86)/gnu tools arm embedded/4.9 2015q3/bin/../lib/gcc/arm-none-eabi/4.9.3/../../../../arm-none-eabi/lib/armv7e-m/fpu\libg_nano.a(lib_a-setvbuf.o)
                0x00006778                setvbuf
 .text.__swbuf_r
                0x00006888       0xa8 c:/program files (x86)/gnu tools arm embedded/4.9 2015q3/bin/../lib/gcc/arm-none-eabi/4.9.3/../../../../arm-none-eabi/lib/armv7e-m/fpu\libg_nano.a(lib_a-wbuf.o)
                0x00006888                __swbuf_r
 .text.__swsetup_r
                0x00006930       0xd8 c:/program files (x86)/gnu tools arm embedded/4.9 2015q3/bin/../lib/gcc/arm-none-eabi/4.9.3/../../../../arm-none-eabi/lib/armv7e-m/fpu\libg_nano.a(lib_a-wsetup.o)
                0x00006930                __swsetup_r
 .text.__sflush_r
                0x00006a08      0x108 c:/program files (x86)/gnu tools arm embedded/4.9 2015q3/bin/../lib/gcc/arm-none-eabi/4.9.3/../../../../arm-none-eabi/lib/armv7e-m/fpu\libg_nano.a(lib_a-fflush.o)
                0x00006a08                __sflush_r
 .text._fflush_r
                0x00006b10       0x54 c:/program files (x86)/gnu tools arm embedded/4.9 2015q3/bin/../lib/gcc/arm-none-eabi/4.9.3/../../../../arm-none-eabi/lib/armv7e-m/fpu\libg_nano.a(lib_a-fflush.o)
                0x00006b10                _fflush_r
 .text._cleanup_r
                0x00006b64        0xc c:/program files (x86)/gnu tools arm embedded/4.9 2015q3/bin/../lib/gcc/arm-none-eabi/4.9.3/../../../../arm-none-eabi/lib/armv7e-m/fpu\libg_nano.a(lib_a-findfp.o)
                0x00006b64                _cleanup_r
 .text.std.isra.0
                0x00006b70       0x48 c:/program files (x86)/gnu tools arm embedded/4.9 2015q3/bin/../lib/gcc/arm-none-eabi/4.9.3/../../../../arm-none-eabi/lib/armv7e-m/fpu\libg_nano.a(lib_a-findfp.o)
 .text.__sfmoreglue
                0x00006bb8       0x2c c:/program files (x86)/gnu tools arm embedded/4.9 2015q3/bin/../lib/gcc/arm-none-eabi/4.9.3/../../../../arm-none-eabi/lib/armv7e-m/fpu\libg_nano.a(lib_a-findfp.o)
                0x00006bb8                __sfmoreglue
 .text.__sinit  0x00006be4       0x60 c:/program files (x86)/gnu tools arm embedded/4.9 2015q3/bin/../lib/gcc/arm-none-eabi/4.9.3/../../../../arm-none-eabi/lib/armv7e-m/fpu\libg_nano.a(lib_a-findfp.o)
                0x00006be4                __sinit
 .text.__sfp    0x00006c44       0x74 c:/program files (x86)/gnu tools arm embedded/4.9 2015q3/bin/../lib/gcc/arm-none-eabi/4.9.3/../../../../arm-none-eabi/lib/armv7e-m/fpu\libg_nano.a(lib_a-findfp.o)
                0x00006c44                __sfp
 .text._fwalk_reent
                0x00006cb8       0x3c c:/program files (x86)/gnu tools arm embedded/4.9 2015q3/bin/../lib/gcc/arm-none-eabi/4.9.3/../../../../arm-none-eabi/lib/armv7e-m/fpu\libg_nano.a(lib_a-fwalk.o)
                0x00006cb8                _fwalk_reent
 .text.__smakebuf_r
                0x00006cf4       0x9c c:/program files (x86)/gnu tools arm embedded/4.9 2015q3/bin/../lib/gcc/arm-none-eabi/4.9.3/../../../../arm-none-eabi/lib/armv7e-m/fpu\libg_nano.a(lib_a-makebuf.o)
                0x00006cf4                __smakebuf_r
 .text.malloc   0x00006d90       0x10 c:/program files (x86)/gnu tools arm embedded/4.9 2015q3/bin/../lib/gcc/arm-none-eabi/4.9.3/../../../../arm-none-eabi/lib/armv7e-m/fpu\libg_nano.a(lib_a-malloc.o)
                0x00006d90                malloc
 .text._free_r  0x00006da0       0x88 c:/program files (x86)/gnu tools arm embedded/4.9 2015q3/bin/../lib/gcc/arm-none-eabi/4.9.3/../../../../arm-none-eabi/lib/armv7e-m/fpu\libg_nano.a(lib_a-nano-freer.o)
                0x00006da0                _free_r
 .text._malloc_r
                0x00006e28       0xac c:/program files (x86)/gnu tools arm embedded/4.9 2015q3/bin/../lib/gcc/arm-none-eabi/4.9.3/../../../../arm-none-eabi/lib/armv7e-m/fpu\libg_nano.a(lib_a-nano-mallocr.o)
                0x00006e28                _malloc_r
 .text.__sfputc_r
                0x00006ed4       0x2c c:/program files (x86)/gnu tools arm embedded/4.9 2015q3/bin/../lib/gcc/arm-none-eabi/4.9.3/../../../../arm-none-eabi/lib/armv7e-m/fpu\libg_nano.a(lib_a-nano-vfprintf.o)
 .text.__sfputs_r
                0x00006f00       0x24 c:/program files (x86)/gnu tools arm embedded/4.9 2015q3/bin/../lib/gcc/arm-none-eabi/4.9.3/../../../../arm-none-eabi/lib/armv7e-m/fpu\libg_nano.a(lib_a-nano-vfprintf.o)
                0x00006f00                __sfputs_r
 .text._vfprintf_r
                0x00006f24      0x210 c:/program files (x86)/gnu tools arm embedded/4.9 2015q3/bin/../lib/gcc/arm-none-eabi/4.9.3/../../../../arm-none-eabi/lib/armv7e-m/fpu\libg_nano.a(lib_a-nano-vfprintf.o)
                0x00006f24                _vfprintf_r
                0x00006f24                _vfiprintf_r
 .text._printf_common
                0x00007134       0xea c:/program files (x86)/gnu tools arm embedded/4.9 2015q3/bin/../lib/gcc/arm-none-eabi/4.9.3/../../../../arm-none-eabi/lib/armv7e-m/fpu\libg_nano.a(lib_a-nano-vfprintf_i.o)
                0x00007134                _printf_common
 *fill*         0x0000721e        0x2 ff
 .text._printf_i
                0x00007220      0x240 c:/program files (x86)/gnu tools arm embedded/4.9 2015q3/bin/../lib/gcc/arm-none-eabi/4.9.3/../../../../arm-none-eabi/lib/armv7e-m/fpu\libg_nano.a(lib_a-nano-vfprintf_i.o)
                0x00007220                _printf_i
 .text._sbrk_r  0x00007460       0x20 c:/program files (x86)/gnu tools arm embedded/4.9 2015q3/bin/../lib/gcc/arm-none-eabi/4.9.3/../../../../arm-none-eabi/lib/armv7e-m/fpu\libg_nano.a(lib_a-sbrkr.o)
                0x00007460                _sbrk_r
 .text.__sread  0x00007480       0x22 c:/program files (x86)/gnu tools arm embedded/4.9 2015q3/bin/../lib/gcc/arm-none-eabi/4.9.3/../../../../arm-none-eabi/lib/armv7e-m/fpu\libg_nano.a(lib_a-stdio.o)
                0x00007480                __sread
 .text.__swrite
                0x000074a2       0x38 c:/program files (x86)/gnu tools arm embedded/4.9 2015q3/bin/../lib/gcc/arm-none-eabi/4.9.3/../../../../arm-none-eabi/lib/armv7e-m/fpu\libg_nano.a(lib_a-stdio.o)
                0x000074a2                __swrite
 .text.__sseek  0x000074da       0x24 c:/program files (x86)/gnu tools arm embedded/4.9 2015q3/bin/../lib/gcc/arm-none-eabi/4.9.3/../../../../arm-none-eabi/lib/armv7e-m/fpu\libg_nano.a(lib_a-stdio.o)
                0x000074da                __sseek
 .text.__sclose
                0x000074fe        0x8 c:/program files (x86)/gnu tools arm embedded/4.9 2015q3/bin/../lib/gcc/arm-none-eabi/4.9.3/../../../../arm-none-eabi/lib/armv7e-m/fpu\libg_nano.a(lib_a-stdio.o)
                0x000074fe                __sclose
 *fill*         0x00007506        0x2 ff
 .text._write_r
                0x00007508       0x24 c:/program files (x86)/gnu tools arm embedded/4.9 2015q3/bin/../lib/gcc/arm-none-eabi/4.9.3/../../../../arm-none-eabi/lib/armv7e-m/fpu\libg_nano.a(lib_a-writer.o)
                0x00007508                _write_r
 .text._close_r
                0x0000752c       0x20 c:/program files (x86)/gnu tools arm embedded/4.9 2015q3/bin/../lib/gcc/arm-none-eabi/4.9.3/../../../../arm-none-eabi/lib/armv7e-m/fpu\libg_nano.a(lib_a-closer.o)
                0x0000752c                _close_r
 .text._fstat_r
                0x0000754c       0x24 c:/program files (x86)/gnu tools arm embedded/4.9 2015q3/bin/../lib/gcc/arm-none-eabi/4.9.3/../../../../arm-none-eabi/lib/armv7e-m/fpu\libg_nano.a(lib_a-fstatr.o)
                0x0000754c                _fstat_r
 .text._isatty_r
                0x00007570       0x20 c:/program files (x86)/gnu tools arm embedded/4.9 2015q3/bin/../lib/gcc/arm-none-eabi/4.9.3/../../../../arm-none-eabi/lib/armv7e-m/fpu\libg_nano.a(lib_a-isattyr.o)
                0x00007570                _isatty_r
 .text._lseek_r
                0x00007590       0x24 c:/program files (x86)/gnu tools arm embedded/4.9 2015q3/bin/../lib/gcc/arm-none-eabi/4.9.3/../../../../arm-none-eabi/lib/armv7e-m/fpu\libg_nano.a(lib_a-lseekr.o)
                0x00007590                _lseek_r
 .text.memchr   0x000075b4       0x1e c:/program files (x86)/gnu tools arm embedded/4.9 2015q3/bin/../lib/gcc/arm-none-eabi/4.9.3/../../../../arm-none-eabi/lib/armv7e-m/fpu\libg_nano.a(lib_a-memchr.o)
                0x000075b4                memchr
 *fill*         0x000075d2        0x2 ff
 .text._read_r  0x000075d4       0x24 c:/program files (x86)/gnu tools arm embedded/4.9 2015q3/bin/../lib/gcc/arm-none-eabi/4.9.3/../../../../arm-none-eabi/lib/armv7e-m/fpu\libg_nano.a(lib_a-readr.o)
                0x000075d4                _read_r
 .text.findslot
                0x000075f8       0x34 c:/program files (x86)/gnu tools arm embedded/4.9 2015q3/bin/../lib/gcc/arm-none-eabi/4.9.3/../../../../arm-none-eabi/lib/armv7e-m/fpu\librdimon_nano.a(rdimon-syscalls.o)
 .text.error    0x0000762c       0x1c c:/program files (x86)/gnu tools arm embedded/4.9 2015q3/bin/../lib/gcc/arm-none-eabi/4.9.3/../../../../arm-none-eabi/lib/armv7e-m/fpu\librdimon_nano.a(rdimon-syscalls.o)
 .text.checkerror
                0x00007648        0xa c:/program files (x86)/gnu tools arm embedded/4.9 2015q3/bin/../lib/gcc/arm-none-eabi/4.9.3/../../../../arm-none-eabi/lib/armv7e-m/fpu\librdimon_nano.a(rdimon-syscalls.o)
 .text._swilseek
                0x00007652       0x7a c:/program files (x86)/gnu tools arm embedded/4.9 2015q3/bin/../lib/gcc/arm-none-eabi/4.9.3/../../../../arm-none-eabi/lib/armv7e-m/fpu\librdimon_nano.a(rdimon-syscalls.o)
                0x00007652                _swilseek
 .text._lseek   0x000076cc        0x4 c:/program files (x86)/gnu tools arm embedded/4.9 2015q3/bin/../lib/gcc/arm-none-eabi/4.9.3/../../../../arm-none-eabi/lib/armv7e-m/fpu\librdimon_nano.a(rdimon-syscalls.o)
                0x000076cc                _lseek
 .text._swiclose
                0x000076d0       0x1c c:/program files (x86)/gnu tools arm embedded/4.9 2015q3/bin/../lib/gcc/arm-none-eabi/4.9.3/../../../../arm-none-eabi/lib/armv7e-m/fpu\librdimon_nano.a(rdimon-syscalls.o)
                0x000076d0                _swiclose
 .text._close   0x000076ec       0x48 c:/program files (x86)/gnu tools arm embedded/4.9 2015q3/bin/../lib/gcc/arm-none-eabi/4.9.3/../../../../arm-none-eabi/lib/armv7e-m/fpu\librdimon_nano.a(rdimon-syscalls.o)
                0x000076ec                _close
 .text._swistat
                0x00007734       0x42 c:/program files (x86)/gnu tools arm embedded/4.9 2015q3/bin/../lib/gcc/arm-none-eabi/4.9.3/../../../../arm-none-eabi/lib/armv7e-m/fpu\librdimon_nano.a(rdimon-syscalls.o)
                0x00007734                _swistat
 .text._fstat   0x00007776       0x1c c:/program files (x86)/gnu tools arm embedded/4.9 2015q3/bin/../lib/gcc/arm-none-eabi/4.9.3/../../../../arm-none-eabi/lib/armv7e-m/fpu\librdimon_nano.a(rdimon-syscalls.o)
                0x00007776                _fstat
 .text._isatty  0x00007792       0x38 c:/program files (x86)/gnu tools arm embedded/4.9 2015q3/bin/../lib/gcc/arm-none-eabi/4.9.3/../../../../arm-none-eabi/lib/armv7e-m/fpu\librdimon_nano.a(rdimon-syscalls.o)
                0x00007792                _isatty
 *(.version)
 *fill*         0x000077ca        0x2 ff
 .version       0x000077cc       0x60 ./synergy/ssp/src/bsp/mcu/all/bsp_common.o
                0x000077cc                g_ssp_version_build_string
                0x00007820                g_ssp_version_string
                0x00007828                g_ssp_version
 *(.init)
 .init          0x0000782c        0x4 c:/program files (x86)/gnu tools arm embedded/4.9 2015q3/bin/../lib/gcc/arm-none-eabi/4.9.3/armv7e-m/fpu/crti.o
                0x0000782c                _init
 .init          0x00007830        0x8 c:/program files (x86)/gnu tools arm embedded/4.9 2015q3/bin/../lib/gcc/arm-none-eabi/4.9.3/armv7e-m/fpu/crtn.o
 *(.fini)
 .fini          0x00007838        0x4 c:/program files (x86)/gnu tools arm embedded/4.9 2015q3/bin/../lib/gcc/arm-none-eabi/4.9.3/armv7e-m/fpu/crti.o
                0x00007838                _fini
 .fini          0x0000783c        0x8 c:/program files (x86)/gnu tools arm embedded/4.9 2015q3/bin/../lib/gcc/arm-none-eabi/4.9.3/armv7e-m/fpu/crtn.o
 *crtbegin.o(.ctors)
 *crtbegin?.o(.ctors)
 *(EXCLUDE_FILE(*crtend.o *crtend?.o) .ctors)
 *(SORT(.ctors.*))
 *(.ctors)
 *crtbegin.o(.dtors)
 *crtbegin?.o(.dtors)
 *(EXCLUDE_FILE(*crtend.o *crtend?.o) .dtors)
 *(SORT(.dtors.*))
 *(.dtors)
 *(.rodata*)
 .rodata.rxi_event_list
                0x00007844       0x14 ./synergy/ssp/src/driver/r_sci_uart/r_sci_uart.o
 .rodata.async_baud
                0x00007858       0x4e ./synergy/ssp/src/driver/r_sci_uart/r_sci_uart.o
 *fill*         0x000078a6        0x2 ff
 .rodata.txi_event_list
                0x000078a8       0x14 ./synergy/ssp/src/driver/r_sci_uart/r_sci_uart.o
 .rodata.g_uart_on_sci
                0x000078bc       0x1c ./synergy/ssp/src/driver/r_sci_uart/r_sci_uart.o
                0x000078bc                g_uart_on_sci
 .rodata.sync_baud
                0x000078d8       0x18 ./synergy/ssp/src/driver/r_sci_i2c/r_sci_i2c.o
 .rodata.g_sci_siic_master_version
                0x000078f0        0x4 ./synergy/ssp/src/driver/r_sci_i2c/r_sci_i2c.o
 .rodata.g_i2c_master_on_sci
                0x000078f4       0x18 ./synergy/ssp/src/driver/r_sci_i2c/r_sci_i2c.o
                0x000078f4                g_i2c_master_on_sci
 .rodata.g_ioport_on_ioport
                0x0000790c       0x38 ./synergy/ssp/src/driver/r_ioport/r_ioport.o
                0x0000790c                g_ioport_on_ioport
 .rodata.CSWTCH.58
                0x00007944       0x14 ./synergy/ssp/src/driver/r_gpt/r_gpt.o
 .rodata.g_timer_on_gpt
                0x00007958       0x28 ./synergy/ssp/src/driver/r_gpt/r_gpt.o
                0x00007958                g_timer_on_gpt
 .rodata.irq_lookup
                0x00007980        0xe ./synergy/ssp/src/driver/r_gpt/r_gpt.o
 *fill*         0x0000798e        0x2 ff
 .rodata.g_gpt_version
                0x00007990        0x4 ./synergy/ssp/src/driver/r_gpt/r_gpt.o
 .rodata.g_elc_on_elc
                0x00007994       0x1c ./synergy/ssp/src/driver/r_elc/r_elc.o
                0x00007994                g_elc_on_elc
 .rodata.s_elc_version
                0x000079b0        0x4 ./synergy/ssp/src/driver/r_elc/r_elc.o
 .rodata.g_pllccr_div_value
                0x000079b4        0x6 ./synergy/ssp/src/driver/r_cgc/hw/hw_cgc.o
 *fill*         0x000079ba        0x2 ff
 .rodata.g_pllccr_div_setting
                0x000079bc        0x6 ./synergy/ssp/src/driver/r_cgc/hw/hw_cgc.o
 *fill*         0x000079c2        0x2 ff
 .rodata.g_pllccr_src_setting
                0x000079c4        0x8 ./synergy/ssp/src/driver/r_cgc/hw/hw_cgc.o
 .rodata.g_cgc_on_cgc
                0x000079cc       0x5c ./synergy/ssp/src/driver/r_cgc/r_cgc.o
                0x000079cc                g_cgc_on_cgc
 .rodata.g_cgc_version
                0x00007a28        0x4 ./synergy/ssp/src/driver/r_cgc/r_cgc.o
 .rodata.g_prcr_masks
                0x00007a2c        0x6 ./synergy/ssp/src/bsp/mcu/s7g2/bsp_register_protection.o
 *fill*         0x00007a32        0x2 ff
 .rodata.g_vbatt_pins_input
                0x00007a34        0x6 ./synergy/ssp/src/bsp/mcu/s7g2/bsp_vbatt.o
 *fill*         0x00007a3a        0x2 ff
 .rodata.g_elc_cfg
                0x00007a3c        0xc ./synergy/ssp/src/bsp/cmsis/Device/RENESAS/S7G2/Source/system_S7G2.o
 .rodata.g_uart3
                0x00007a48        0xc ./src/synergy_gen/hal_data.o
                0x00007a48                g_uart3
 .rodata.g_i2c0_cfg
                0x00007a54       0x18 ./src/synergy_gen/hal_data.o
                0x00007a54                g_i2c0_cfg
 .rodata.g_timer0_extend
                0x00007a6c        0x4 ./src/synergy_gen/hal_data.o
 .rodata.g_uart3_cfg
                0x00007a70       0x20 ./src/synergy_gen/hal_data.o
                0x00007a70                g_uart3_cfg
 .rodata.g_uart3_cfg_extend
                0x00007a90        0x8 ./src/synergy_gen/hal_data.o
                0x00007a90                g_uart3_cfg_extend
 .rodata.g_timer0_cfg
                0x00007a98       0x20 ./src/synergy_gen/hal_data.o
 .rodata.g_timer0
                0x00007ab8        0xc ./src/synergy_gen/hal_data.o
                0x00007ab8                g_timer0
 .rodata.g_i2c0
                0x00007ac4        0xc ./src/synergy_gen/hal_data.o
                0x00007ac4                g_i2c0
 .rodata.g_bsp_pin_cfg
                0x00007ad0        0x8 ./src/synergy_gen/pin_data.o
                0x00007ad0                g_bsp_pin_cfg
 .rodata.g_bsp_pin_cfg_data
                0x00007ad8      0x3f0 ./src/synergy_gen/pin_data.o
                0x00007ad8                g_bsp_pin_cfg_data
 .rodata        0x00007ec8        0x6 ./src/BMP180.o
 *fill*         0x00007ece        0x2 ff
 .rodata.str1.4
                0x00007ed0      0x1d5 ./src/BMP180.o
 *fill*         0x000080a5        0x3 ff
 .rodata.str1.4
                0x000080a8       0xbc ./src/hal_entry.o
                                 0xbe (size before relaxing)
 .rodata.str1.1
                0x00008164        0x2 c:/program files (x86)/gnu tools arm embedded/4.9 2015q3/bin/../lib/gcc/arm-none-eabi/4.9.3/../../../../arm-none-eabi/lib/armv7e-m/fpu\libg_nano.a(lib_a-impure.o)
 *fill*         0x00008166        0x2 ff
 .rodata._global_impure_ptr
                0x00008168        0x4 c:/program files (x86)/gnu tools arm embedded/4.9 2015q3/bin/../lib/gcc/arm-none-eabi/4.9.3/../../../../arm-none-eabi/lib/armv7e-m/fpu\libg_nano.a(lib_a-impure.o)
                0x00008168                _global_impure_ptr
 .rodata.__sf_fake_stdin
                0x0000816c       0x20 c:/program files (x86)/gnu tools arm embedded/4.9 2015q3/bin/../lib/gcc/arm-none-eabi/4.9.3/../../../../arm-none-eabi/lib/armv7e-m/fpu\libg_nano.a(lib_a-findfp.o)
                0x0000816c                __sf_fake_stdin
 .rodata.__sf_fake_stdout
                0x0000818c       0x20 c:/program files (x86)/gnu tools arm embedded/4.9 2015q3/bin/../lib/gcc/arm-none-eabi/4.9.3/../../../../arm-none-eabi/lib/armv7e-m/fpu\libg_nano.a(lib_a-findfp.o)
                0x0000818c                __sf_fake_stdout
 .rodata.__sf_fake_stderr
                0x000081ac       0x20 c:/program files (x86)/gnu tools arm embedded/4.9 2015q3/bin/../lib/gcc/arm-none-eabi/4.9.3/../../../../arm-none-eabi/lib/armv7e-m/fpu\libg_nano.a(lib_a-findfp.o)
                0x000081ac                __sf_fake_stderr
 .rodata.str1.1
                0x000081cc       0x11 c:/program files (x86)/gnu tools arm embedded/4.9 2015q3/bin/../lib/gcc/arm-none-eabi/4.9.3/../../../../arm-none-eabi/lib/armv7e-m/fpu\libg_nano.a(lib_a-nano-vfprintf.o)
 .rodata.str1.1
                0x000081dd       0x22 c:/program files (x86)/gnu tools arm embedded/4.9 2015q3/bin/../lib/gcc/arm-none-eabi/4.9.3/../../../../arm-none-eabi/lib/armv7e-m/fpu\libg_nano.a(lib_a-nano-vfprintf_i.o)
 *(.eh_frame*)
 *fill*         0x000081ff        0x1 ff
 .eh_frame      0x00008200        0x0 c:/program files (x86)/gnu tools arm embedded/4.9 2015q3/bin/../lib/gcc/arm-none-eabi/4.9.3/armv7e-m/fpu/crtbegin.o
 .eh_frame      0x00008200        0x4 c:/program files (x86)/gnu tools arm embedded/4.9 2015q3/bin/../lib/gcc/arm-none-eabi/4.9.3/armv7e-m/fpu/crtend.o
                0x00008204                __ROM_End = .

.glue_7         0x00008204        0x0
 .glue_7        0x00000000        0x0 linker stubs

.glue_7t        0x00008204        0x0
 .glue_7t       0x00000000        0x0 linker stubs

.vfp11_veneer   0x00008204        0x0
 .vfp11_veneer  0x00000000        0x0 linker stubs

.v4_bx          0x00008204        0x0
 .v4_bx         0x00000000        0x0 linker stubs

.iplt           0x00008204        0x0
 .iplt          0x00000000        0x0 c:/program files (x86)/gnu tools arm embedded/4.9 2015q3/bin/../lib/gcc/arm-none-eabi/4.9.3/armv7e-m/fpu/crtbegin.o

.ARM.extab
 *(.ARM.extab* .gnu.linkonce.armextab.*)
                0x00008204                __exidx_start = .

.ARM.exidx      0x00008204        0x8
 *(.ARM.exidx* .gnu.linkonce.armexidx.*)
 .ARM.exidx     0x00008204        0x8 c:/program files (x86)/gnu tools arm embedded/4.9 2015q3/bin/../lib/gcc/arm-none-eabi/4.9.3/armv7e-m/fpu\libgcc.a(_divdi3.o)
 .ARM.exidx     0x0000820c        0x0 c:/program files (x86)/gnu tools arm embedded/4.9 2015q3/bin/../lib/gcc/arm-none-eabi/4.9.3/armv7e-m/fpu\libgcc.a(_udivdi3.o)
                                  0x8 (size before relaxing)
                0x0000820c                __exidx_end = .
                0x0000820c                __etext = .

.rel.dyn        0x0000820c        0x0
 .rel.iplt      0x00000000        0x0 c:/program files (x86)/gnu tools arm embedded/4.9 2015q3/bin/../lib/gcc/arm-none-eabi/4.9.3/armv7e-m/fpu/crtbegin.o

.data           0x1ffe0000       0x70 load address 0x0000820c
                0x1ffe0000                __data_start__ = .
 *(vtable)
 *(.data.*)
 .data.impure_data
                0x1ffe0000       0x60 c:/program files (x86)/gnu tools arm embedded/4.9 2015q3/bin/../lib/gcc/arm-none-eabi/4.9.3/../../../../arm-none-eabi/lib/armv7e-m/fpu\libg_nano.a(lib_a-impure.o)
 .data._impure_ptr
                0x1ffe0060        0x4 c:/program files (x86)/gnu tools arm embedded/4.9 2015q3/bin/../lib/gcc/arm-none-eabi/4.9.3/../../../../arm-none-eabi/lib/armv7e-m/fpu\libg_nano.a(lib_a-impure.o)
                0x1ffe0060                _impure_ptr
                0x1ffe0064                . = ALIGN (0x4)
                0x1ffe0064                PROVIDE (__preinit_array_start, .)
 *(.preinit_array)
                0x1ffe0064                PROVIDE (__preinit_array_end, .)
                0x1ffe0064                . = ALIGN (0x4)
                0x1ffe0064                PROVIDE (__init_array_start, .)
 *(SORT(.init_array.*))
 *(.init_array)
 .init_array    0x1ffe0064        0x4 c:/program files (x86)/gnu tools arm embedded/4.9 2015q3/bin/../lib/gcc/arm-none-eabi/4.9.3/armv7e-m/fpu/crtbegin.o
                0x1ffe0068                PROVIDE (__init_array_end, .)
                0x1ffe0068                . = ALIGN (0x4)
                0x1ffe0068                PROVIDE (__fini_array_start, .)
 *(SORT(.fini_array.*))
 *(.fini_array)
 .fini_array    0x1ffe0068        0x4 c:/program files (x86)/gnu tools arm embedded/4.9 2015q3/bin/../lib/gcc/arm-none-eabi/4.9.3/armv7e-m/fpu/crtbegin.o
                0x1ffe006c                PROVIDE (__fini_array_end, .)
 *(.jcr*)
 .jcr           0x1ffe006c        0x0 c:/program files (x86)/gnu tools arm embedded/4.9 2015q3/bin/../lib/gcc/arm-none-eabi/4.9.3/armv7e-m/fpu/crtbegin.o
 .jcr           0x1ffe006c        0x4 c:/program files (x86)/gnu tools arm embedded/4.9 2015q3/bin/../lib/gcc/arm-none-eabi/4.9.3/armv7e-m/fpu/crtend.o
                0x1ffe0070                . = ALIGN (0x4)
                0x1ffe0070                __Code_In_RAM_Start = .
 *(.code_in_ram*)
                0x1ffe0070                __Code_In_RAM_End = .
                0x1ffe0070                __data_end__ = .

.igot.plt       0x1ffe0070        0x0 load address 0x0000827c
 .igot.plt      0x00000000        0x0 c:/program files (x86)/gnu tools arm embedded/4.9 2015q3/bin/../lib/gcc/arm-none-eabi/4.9.3/armv7e-m/fpu/crtbegin.o

.qspi_flash     0x60000000        0x0
                0x60000000                __qspi_flash_start__ = .
 *(.qspi_flash*)
                0x60000000                __qspi_flash_end__ = .
                0x00000000                __qspi_flash_code_size__ = (__qspi_flash_end__ - __qspi_flash_start__)
                0x0000827c                __qspi_flash_code_addr__ = (__etext + (__data_end__ - __data_start__))

.qspi_non_retentive
                0x60000000        0x0 load address 0x0000827c
                0x60000000                __qspi_non_retentive_start__ = .
 *(.qspi_non_retentive*)
                0x60000000                __qspi_non_retentive_end__ = .
                0x00000000                __qspi_non_retentive_size__ = (__qspi_non_retentive_end__ - __qspi_non_retentive_start__)
                0x04000000                __qspi_region_max_size__ = 0x4000000
                0x60000000                __qspi_region_start_address__ = __qspi_flash_start__
                0x64000000                __qspi_region_end_address__ = (__qspi_flash_start__ + __qspi_region_max_size__)

.noinit         0x1ffe0070       0x18 load address 0x0000827c
                0x1ffe0070                . = ALIGN (0x4)
                0x1ffe0070                __noinit_start = .
 *(.noinit*)
 .noinit        0x1ffe0070       0x18 ./synergy/ssp/src/driver/r_cgc/hw/hw_cgc.o
                0x1ffe0088                __noinit_end = .

.bss            0x1ffe0088      0x84c load address 0x00008294
                0x1ffe0088                . = ALIGN (0x4)
                0x1ffe0088                __bss_start__ = .
 *(.bss*)
 .bss           0x1ffe0088       0x1c c:/program files (x86)/gnu tools arm embedded/4.9 2015q3/bin/../lib/gcc/arm-none-eabi/4.9.3/armv7e-m/fpu/crtbegin.o
 .bss.g_ch_opened
                0x1ffe00a4       0x28 ./synergy/ssp/src/driver/r_sci_i2c/r_sci_i2c.o
 .bss.g_ch_speeds
                0x1ffe00cc       0x28 ./synergy/ssp/src/driver/r_sci_i2c/r_sci_i2c.o
 .bss.g_in_progress
                0x1ffe00f4      0x140 ./synergy/ssp/src/driver/r_sci_i2c/r_sci_i2c.o
 .bss.g_protect_pfswe_counter
                0x1ffe0234        0x2 ./synergy/ssp/src/driver/r_ioport/hw/hw_ioport.o
 *fill*         0x1ffe0236        0x2 
 .bss.gp_ctrls  0x1ffe0238       0x38 ./synergy/ssp/src/driver/r_gpt/r_gpt.o
 .bss.g_channel_one_shot
                0x1ffe0270        0x4 ./synergy/ssp/src/driver/r_gpt/r_gpt.o
 .bss.g_bsp_group_irq_sources
                0x1ffe0274       0x30 ./synergy/ssp/src/bsp/mcu/s7g2/bsp_group_irq.o
 .bss.g_bsp_locks
                0x1ffe02a4       0x78 ./synergy/ssp/src/bsp/mcu/s7g2/bsp_locking.o
 .bss.g_protect_counters
                0x1ffe031c        0x6 ./synergy/ssp/src/bsp/mcu/s7g2/bsp_register_protection.o
 *fill*         0x1ffe0322        0x2 
 .bss.current_heap_end.21607
                0x1ffe0324        0x4 ./synergy/ssp/src/bsp/mcu/all/bsp_sbrk.o
 .bss.device_characteristics
                0x1ffe0328        0x3 ./synergy/ssp/src/bsp/board/s7g2_sk/bsp_qspi.o
 *fill*         0x1ffe032b        0x1 
 .bss.flag_status1
                0x1ffe032c        0x1 ./synergy/ssp/src/bsp/board/s7g2_sk/bsp_qspi.o
 *fill*         0x1ffe032d        0x3 
 .bss.flag_status2
                0x1ffe0330        0x1 ./synergy/ssp/src/bsp/board/s7g2_sk/bsp_qspi.o
 *fill*         0x1ffe0331        0x3 
 .bss.g_timer0_ctrl
                0x1ffe0334        0xc ./src/synergy_gen/hal_data.o
 .bss.__malloc_sbrk_start
                0x1ffe0340        0x4 c:/program files (x86)/gnu tools arm embedded/4.9 2015q3/bin/../lib/gcc/arm-none-eabi/4.9.3/../../../../arm-none-eabi/lib/armv7e-m/fpu\libg_nano.a(lib_a-nano-mallocr.o)
                0x1ffe0340                __malloc_sbrk_start
 .bss.__malloc_free_list
                0x1ffe0344        0x4 c:/program files (x86)/gnu tools arm embedded/4.9 2015q3/bin/../lib/gcc/arm-none-eabi/4.9.3/../../../../arm-none-eabi/lib/armv7e-m/fpu\libg_nano.a(lib_a-nano-mallocr.o)
                0x1ffe0344                __malloc_free_list
 .bss.openfiles
                0x1ffe0348       0xa0 c:/program files (x86)/gnu tools arm embedded/4.9 2015q3/bin/../lib/gcc/arm-none-eabi/4.9.3/../../../../arm-none-eabi/lib/armv7e-m/fpu\librdimon_nano.a(rdimon-syscalls.o)
 *(COMMON)
 COMMON         0x1ffe03e8       0xa0 ./synergy/ssp/src/driver/r_sci_common/r_sci_common.o
                0x1ffe03e8                g_sci_ctrl_blk